ARM Linker, RVCT4.0 [Build 728] [Standard]

==============================================================================

Section Cross References

    main.o(i.DrvSYS_Delay) refers to system_m051series.o(.data) for CyclesPerUs
    main.o(i.InitSysTick) refers to main.o(i.NVIC_SetPriority) for NVIC_SetPriority
    main.o(i.InitSysTick) refers to system_m051series.o(.data) for CyclesPerUs
    main.o(i.SYS_Init) refers to clk.o(i.CLK_WaitClockReady) for CLK_WaitClockReady
    main.o(i.SYS_Init) refers to system_m051series.o(i.SystemCoreClockUpdate) for SystemCoreClockUpdate
    main.o(i.SysTick_Handler) refers to main.o(.data) for systemtick
    main.o(i.UART0_Init) refers to sys.o(i.SYS_ResetModule) for SYS_ResetModule
    main.o(i.UART0_Init) refers to uart.o(i.UART_Open) for UART_Open
    main.o(i.main) refers to main.o(i.SYS_Init) for SYS_Init
    main.o(i.main) refers to fmc.o(i.FMC_Open) for FMC_Open
    main.o(i.main) refers to main.o(i.FMC_ReadUID) for FMC_ReadUID
    main.o(i.main) refers to fmc.o(i.FMC_Close) for FMC_Close
    main.o(i.main) refers to realyctrl.o(i.HWRealyInit) for HWRealyInit
    main.o(i.main) refers to uart3th.o(i.Uart3ThInit) for Uart3ThInit
    main.o(i.main) refers to realyctrl.o(i.GetHwAddrIint) for GetHwAddrIint
    main.o(i.main) refers to mb.o(i.eMBInit) for eMBInit
    main.o(i.main) refers to mb.o(i.eMBEnable) for eMBEnable
    main.o(i.main) refers to mb.o(i.eMBPoll) for eMBPoll
    main.o(i.main) refers to realyctrl.o(i.RealyPoll) for RealyPoll
    main.o(i.main) refers to realyctrl.o(i.KeyPool) for KeyPool
    main.o(i.main) refers to esp8266_wifi.o(i.WifiMain) for WifiMain
    main.o(i.main) refers to main.o(.data) for UID
    portevent.o(i.xMBPortEventGet) refers to portevent.o(.data) for .data
    portevent.o(i.xMBPortEventInit) refers to portevent.o(.data) for .data
    portevent.o(i.xMBPortEventPost) refers to portevent.o(.data) for .data
    portserial.o(i.UART0_IRQHandler) refers to portserial.o(i.prvvUARTRxISR) for prvvUARTRxISR
    portserial.o(i.UART0_IRQHandler) refers to portserial.o(i.prvvUARTTxReadyISR) for prvvUARTTxReadyISR
    portserial.o(i.prvvUARTRxISR) refers to mb.o(.data) for pxMBFrameCBByteReceived
    portserial.o(i.prvvUARTTxReadyISR) refers to mb.o(.data) for pxMBFrameCBTransmitterEmpty
    portserial.o(i.xMBPortSerialInit) refers to sys.o(i.SYS_ResetModule) for SYS_ResetModule
    portserial.o(i.xMBPortSerialInit) refers to clk.o(i.CLK_SetModuleClock) for CLK_SetModuleClock
    portserial.o(i.xMBPortSerialInit) refers to clk.o(i.CLK_EnableModuleClock) for CLK_EnableModuleClock
    portserial.o(i.xMBPortSerialInit) refers to uart.o(i.UART_Open) for UART_Open
    portserial.o(i.xMBPortSerialInit) refers to port.o(i.EnterCriticalSection) for EnterCriticalSection
    portserial.o(i.xMBPortSerialInit) refers to portserial.o(i.NVIC_SetPriority) for NVIC_SetPriority
    portserial.o(i.xMBPortSerialInit) refers to port.o(i.ExitCriticalSection) for ExitCriticalSection
    porttimer.o(i.TMR1_IRQHandler) refers to porttimer.o(i.prvvTIMERExpiredISR) for prvvTIMERExpiredISR
    porttimer.o(i.TMR1_IRQHandler) refers to porttimer.o(.data) for Timehandel
    porttimer.o(i.prvvTIMERExpiredISR) refers to mb.o(.data) for pxMBPortCBTimerExpired
    porttimer.o(i.vMBPortTimersDisable) refers to porttimer.o(.data) for Timehandel
    porttimer.o(i.vMBPortTimersEnable) refers to porttimer.o(i.TIMER_EnableInt) for TIMER_EnableInt
    porttimer.o(i.vMBPortTimersEnable) refers to porttimer.o(i.NVIC_EnableIRQ) for NVIC_EnableIRQ
    porttimer.o(i.vMBPortTimersEnable) refers to porttimer.o(i.TIMER_Start) for TIMER_Start
    porttimer.o(i.vMBPortTimersEnable) refers to porttimer.o(.data) for Timehandel
    porttimer.o(i.xMBPortTimersInit) refers to timer.o(i.TIMER_Open) for TIMER_Open
    porttimer.o(i.xMBPortTimersInit) refers to porttimer.o(i.TIMER_EnableInt) for TIMER_EnableInt
    porttimer.o(i.xMBPortTimersInit) refers to porttimer.o(i.NVIC_SetPriority) for NVIC_SetPriority
    porttimer.o(i.xMBPortTimersInit) refers to porttimer.o(i.NVIC_EnableIRQ) for NVIC_EnableIRQ
    porttimer.o(i.xMBPortTimersInit) refers to porttimer.o(i.TIMER_Start) for TIMER_Start
    porttimer.o(i.xMBPortTimersInit) refers to porttimer.o(.data) for .data
    user_mb_app.o(i.eMBRegCoilsCB) refers to user_mb_app.o(i.xMBMasterGetCBRunInMasterMode) for xMBMasterGetCBRunInMasterMode
    user_mb_app.o(i.eMBRegCoilsCB) refers to user_mb_app.o(i.ucMBMasterGetDestAddress) for ucMBMasterGetDestAddress
    user_mb_app.o(i.eMBRegCoilsCB) refers to mbutils.o(i.xMBUtilGetBits) for xMBUtilGetBits
    user_mb_app.o(i.eMBRegCoilsCB) refers to mbutils.o(i.xMBUtilSetBits) for xMBUtilSetBits
    user_mb_app.o(i.eMBRegCoilsCB) refers to user_mb_app.o(.bss) for ucMCoilBuf
    user_mb_app.o(i.eMBRegCoilsCB) refers to user_mb_app.o(.data) for usMCoilStart
    user_mb_app.o(i.eMBRegDiscreteCB) refers to user_mb_app.o(i.xMBMasterGetCBRunInMasterMode) for xMBMasterGetCBRunInMasterMode
[...]
    esp8266_wifi.o(i.SendData2Sever) refers to uart.o(i.UART_Write) for UART_Write
    esp8266_wifi.o(i.SendData2Sever) refers to main.o(.data) for UID
    esp8266_wifi.o(i.SendData2Sever) refers to uart3th.o(.data) for Systick
    esp8266_wifi.o(i.SendData2Sever) refers to esp8266_wifi.o(.data) for wifiTime
    esp8266_wifi.o(i.UpdataWeight) refers to esp8266_wifi.o(i.CleanWeight) for CleanWeight
    esp8266_wifi.o(i.UpdataWeight) refers to user_mb_app.o(.bss) for usSRegHoldBuf
    esp8266_wifi.o(i.UpdataWeight) refers to esp8266_wifi.o(.data) for .data
    esp8266_wifi.o(i.WifiConnectNetMode) refers to uart.o(i.UART_Write) for UART_Write
    esp8266_wifi.o(i.WifiConnectNetMode) refers to esp8266_wifi.o(.data) for wifi_cmd_state
    esp8266_wifi.o(i.WifiInit) refers to esp8266_wifi.o(i.ConfigHWADCHX711) for ConfigHWADCHX711
    esp8266_wifi.o(i.WifiInit) refers to uart3th.o(i.x3THPortSerialInit) for x3THPortSerialInit
    esp8266_wifi.o(i.WifiInit) refers to uart3th.o(i.x3THPortTimersInit) for x3THPortTimersInit
    esp8266_wifi.o(i.WifiInit) refers to main.o(i.DrvSYS_Delay) for DrvSYS_Delay
    esp8266_wifi.o(i.WifiInit) refers to esp8266_wifi.o(.data) for wifi_net_state
    esp8266_wifi.o(i.WifiMain) refers to main.o(i.DrvSYS_Delay) for DrvSYS_Delay
    esp8266_wifi.o(i.WifiMain) refers to esp8266_wifi.o(i.WifiSentEventPoll) for WifiSentEventPoll
    esp8266_wifi.o(i.WifiMain) refers to esp8266_wifi.o(i.WifiReciveEventPoll) for WifiReciveEventPoll
    esp8266_wifi.o(i.WifiMain) refers to esp8266_wifi.o(.data) for getidtiomeout
    esp8266_wifi.o(i.WifiMain) refers to user_mb_app.o(.bss) for usSRegHoldBuf
    esp8266_wifi.o(i.WifiMain) refers to uart3th.o(.data) for Systick
    esp8266_wifi.o(i.WifiReciveEventPoll) refers to strstr.o(.text) for strstr
    esp8266_wifi.o(i.WifiReciveEventPoll) refers to main.o(i.DrvSYS_Delay) for DrvSYS_Delay
    esp8266_wifi.o(i.WifiReciveEventPoll) refers to memcpya.o(.text) for __aeabi_memcpy
    esp8266_wifi.o(i.WifiReciveEventPoll) refers to uart3th.o(.data) for RecivEvent
    esp8266_wifi.o(i.WifiReciveEventPoll) refers to esp8266_wifi.o(.data) for wifi_cmd_state
    esp8266_wifi.o(i.WifiReciveEventPoll) refers to uart3th.o(.bss) for UartReciveBuf
    esp8266_wifi.o(i.WifiSentEventPoll) refers to main.o(i.DrvSYS_Delay) for DrvSYS_Delay
    esp8266_wifi.o(i.WifiSentEventPoll) refers to esp8266_wifi.o(i.WifiConnectNetMode) for WifiConnectNetMode
    esp8266_wifi.o(i.WifiSentEventPoll) refers to esp8266_wifi.o(i.SendData2Sever) for SendData2Sever
    esp8266_wifi.o(i.WifiSentEventPoll) refers to esp8266_wifi.o(.data) for smartwifi
    esp8266_wifi.o(i.WifiSentEventPoll) refers to uart3th.o(.data) for Systick
    esp8266_wifi.o(i.WifiSentEventPoll) refers to user_mb_app.o(.bss) for usSRegHoldBuf
    esp8266_wifi.o(i.rt_thread_entry_Weight) refers to esp8266_wifi.o(i.ReadADCHX711) for ReadADCHX711
    esp8266_wifi.o(i.rt_thread_entry_Weight) refers to ffltui.o(.text) for __aeabi_ui2f
    esp8266_wifi.o(i.rt_thread_entry_Weight) refers to fdiv.o(.text) for __aeabi_fdiv
    esp8266_wifi.o(i.rt_thread_entry_Weight) refers to ffixi.o(.text) for __aeabi_f2iz
    esp8266_wifi.o(i.rt_thread_entry_Weight) refers to esp8266_wifi.o(i.UpdataWeight) for UpdataWeight
    esp8266_wifi.o(i.rt_thread_entry_Weight) refers to esp8266_wifi.o(.data) for .data
    entry.o(.ARM.Collect$$$$00000000) refers (Special) to entry7.o(.ARM.Collect$$$$00000007) for _main_init
    entry.o(.ARM.Collect$$$$00000000) refers (Special) to entry5.o(.ARM.Collect$$$$00000004) for _main_scatterload
    entry.o(.ARM.Collect$$$$00000000) refers (Special) to entry2.o(.ARM.Collect$$$$00000001) for _main_stk
    fdiv.o(.text) refers (Special) to iusefp.o(.text) for __I$use$fp
    fdiv.o(.text) refers to fepilogue.o(.text) for _float_round
    dmul.o(.text) refers (Special) to iusefp.o(.text) for __I$use$fp
    dmul.o(.text) refers to depilogue.o(.text) for _double_epilogue
    ffltui.o(.text) refers (Special) to iusefp.o(.text) for __I$use$fp
    ffltui.o(.text) refers to fepilogue.o(.text) for _float_epilogue
    ffixi.o(.text) refers (Special) to iusefp.o(.text) for __I$use$fp
    ffixui.o(.text) refers (Special) to iusefp.o(.text) for __I$use$fp
    f2d.o(.text) refers (Special) to iusefp.o(.text) for __I$use$fp
    d2f.o(.text) refers (Special) to iusefp.o(.text) for __I$use$fp
    d2f.o(.text) refers to fepilogue.o(.text) for _float_round
    entry2.o(.ARM.Collect$$$$00000001) refers to entry2.o(.ARM.Collect$$$$00002712) for __lit__00000000
    entry2.o(.ARM.Collect$$$$00002712) refers to startup_m051series.o(STACK) for __initial_sp
    entry2.o(__vectab_stack_and_reset_area) refers to startup_m051series.o(STACK) for __initial_sp
    entry2.o(__vectab_stack_and_reset_area) refers to entry.o(.ARM.Collect$$$$00000000) for __main
    entry5.o(.ARM.Collect$$$$00000004) refers to init.o(.text) for __scatterload
    entry7.o(.ARM.Collect$$$$00000007) refers to main.o(i.main) for main
    depilogue.o(.text) refers to depilogue.o(i.__ARM_clz) for __ARM_clz
    depilogue.o(.text) refers to llshl.o(.text) for __aeabi_llsl
    depilogue.o(.text) refers to llushr.o(.text) for __aeabi_llsr
    init.o(.text) refers to entry5.o(.ARM.Collect$$$$00000004) for __main_after_scatterload


==============================================================================

Removing Unused input sections from the image.

    Removing main.o(.rev16_text), (4 bytes).
    Removing main.o(.revsh_text), (4 bytes).
    Removing main.o(i.InitSysTick), (64 bytes).
    Removing main.o(i.NVIC_SetPriority), (120 bytes).
    Removing main.o(i.UART0_Init), (28 bytes).
    Removing portserial.o(.rev16_text), (4 bytes).
    Removing portserial.o(.revsh_text), (4 bytes).
    Removing portserial.o(i.vMBPortClose), (2 bytes).
    Removing porttimer.o(.rev16_text), (4 bytes).
    Removing porttimer.o(.revsh_text), (4 bytes).
    Removing mbrtu.o(.rev16_text), (4 bytes).
    Removing mbrtu.o(.revsh_text), (4 bytes).
    Removing btfunc.o(.rev16_text), (4 bytes).
    Removing btfunc.o(.revsh_text), (4 bytes).
    Removing mbfuncother.o(.rev16_text), (4 bytes).
    Removing mbfuncother.o(.revsh_text), (4 bytes).
    Removing mbfuncother.o(i.eMBSetSlaveID), (120 bytes).
    Removing mbutils.o(.rev16_text), (4 bytes).
    Removing mbutils.o(.revsh_text), (4 bytes).
    Removing mb.o(i.eMBClose), (44 bytes).
    Removing mb.o(i.eMBDisable), (52 bytes).
    Removing mb.o(i.eMBRegisterCB), (140 bytes).
    Removing acmp.o(.rev16_text), (4 bytes).
    Removing acmp.o(.revsh_text), (4 bytes).
    Removing acmp.o(i.ACMP_Close), (18 bytes).
    Removing acmp.o(i.ACMP_Open), (30 bytes).
    Removing adc.o(.rev16_text), (4 bytes).
    Removing adc.o(.revsh_text), (4 bytes).
    Removing adc.o(i.ADC_Close), (36 bytes).
    Removing adc.o(i.ADC_DisableHWTrigger), (20 bytes).
    Removing adc.o(i.ADC_DisableInt), (60 bytes).
    Removing adc.o(i.ADC_EnableHWTrigger), (80 bytes).
    Removing adc.o(i.ADC_EnableInt), (60 bytes).
    Removing adc.o(i.ADC_Open), (40 bytes).
    Removing clk.o(.rev16_text), (4 bytes).
    Removing clk.o(.revsh_text), (4 bytes).
    Removing clk.o(i.CLK_DisableCKO), (16 bytes).
    Removing clk.o(i.CLK_DisableModuleClock), (32 bytes).
    Removing clk.o(i.CLK_DisablePLL), (20 bytes).
    Removing clk.o(i.CLK_DisableXtalRC), (16 bytes).
    Removing clk.o(i.CLK_EnableCKO), (48 bytes).
    Removing clk.o(i.CLK_EnablePLL), (304 bytes).
    Removing clk.o(i.CLK_EnableXtalRC), (16 bytes).
    Removing clk.o(i.CLK_GetCPUFreq), (16 bytes).
    Removing clk.o(i.CLK_GetHCLKFreq), (16 bytes).
    Removing clk.o(i.CLK_GetHXTFreq), (28 bytes).
    Removing clk.o(i.CLK_GetPLLClockFreq), (124 bytes).
    Removing clk.o(i.CLK_Idle), (36 bytes).
    Removing clk.o(i.CLK_PowerDown), (40 bytes).
    Removing clk.o(i.CLK_SetCoreClock), (80 bytes).
    Removing clk.o(i.CLK_SetHCLK), (44 bytes).
    Removing clk.o(i.CLK_SetSysTickClockSrc), (20 bytes).
    Removing ebi.o(.rev16_text), (4 bytes).
    Removing ebi.o(.revsh_text), (4 bytes).
    Removing ebi.o(i.EBI_Close), (20 bytes).
    Removing ebi.o(i.EBI_Open), (272 bytes).
    Removing ebi.o(i.EBI_SetBusTiming), (32 bytes).
    Removing fmc.o(.rev16_text), (4 bytes).
    Removing fmc.o(.revsh_text), (4 bytes).
    Removing fmc.o(i.FMC_DisableAPUpdate), (20 bytes).
    Removing fmc.o(i.FMC_DisableConfigUpdate), (20 bytes).
    Removing fmc.o(i.FMC_DisableLDUpdate), (20 bytes).
    Removing fmc.o(i.FMC_EnableAPUpdate), (20 bytes).
    Removing fmc.o(i.FMC_EnableConfigUpdate), (20 bytes).
    Removing fmc.o(i.FMC_EnableLDUpdate), (20 bytes).
    Removing fmc.o(i.FMC_GetBootSource), (24 bytes).
    Removing fmc.o(i.FMC_Read), (40 bytes).
    Removing fmc.o(i.FMC_ReadConfig), (36 bytes).
    Removing fmc.o(i.FMC_ReadDataFlashBaseAddr), (12 bytes).
    Removing fmc.o(i.FMC_SetBootSource), (36 bytes).
    Removing fmc.o(i.FMC_WriteConfig), (96 bytes).
    Removing gpio.o(.rev16_text), (4 bytes).
    Removing gpio.o(.revsh_text), (4 bytes).
    Removing gpio.o(i.GPIO_DisableInt), (28 bytes).
    Removing gpio.o(i.GPIO_EnableInt), (26 bytes).
    Removing i2c.o(.rev16_text), (4 bytes).
    Removing i2c.o(.revsh_text), (4 bytes).
    Removing i2c.o(i.I2C_Close), (44 bytes).
    Removing i2c.o(i.I2C_DisableInt), (10 bytes).
    Removing i2c.o(i.I2C_DisableTimeout), (10 bytes).
    Removing i2c.o(i.I2C_DisableWakeup), (10 bytes).
    Removing i2c.o(i.I2C_EnableInt), (10 bytes).
    Removing i2c.o(i.I2C_EnableTimeout), (32 bytes).
    Removing i2c.o(i.I2C_EnableWakeup), (10 bytes).
    Removing i2c.o(i.I2C_GetBusClockFreq), (24 bytes).
    Removing i2c.o(i.I2C_GetData), (8 bytes).
    Removing i2c.o(i.I2C_GetIntFlag), (12 bytes).
    Removing i2c.o(i.I2C_GetStatus), (6 bytes).
    Removing i2c.o(i.I2C_Open), (64 bytes).
    Removing i2c.o(i.I2C_SetBusClockFreq), (56 bytes).
    Removing i2c.o(i.I2C_SetData), (4 bytes).
    Removing i2c.o(i.I2C_SetSlaveAddr), (58 bytes).
    Removing i2c.o(i.I2C_SetSlaveAddrMask), (48 bytes).
    Removing i2c.o(i.I2C_Trigger), (50 bytes).
    Removing pwm.o(.rev16_text), (4 bytes).
    Removing pwm.o(.revsh_text), (4 bytes).
    Removing pwm.o(i.PWM_ClearADCTriggerFlag), (12 bytes).
    Removing pwm.o(i.PWM_ClearCaptureIntFlag), (72 bytes).
    Removing pwm.o(i.PWM_ClearDutyIntFlag), (10 bytes).
    Removing pwm.o(i.PWM_ClearPeriodIntFlag), (8 bytes).
    Removing pwm.o(i.PWM_ConfigCaptureChannel), (364 bytes).
    Removing pwm.o(i.PWM_ConfigOutputChannel), (400 bytes).
    Removing pwm.o(i.PWM_DisableADCTrigger), (18 bytes).
    Removing pwm.o(i.PWM_DisableCapture), (60 bytes).
    Removing pwm.o(i.PWM_DisableCaptureInt), (40 bytes).
    Removing pwm.o(i.PWM_DisableDeadZone), (14 bytes).
    Removing pwm.o(i.PWM_DisableDutyInt), (14 bytes).
    Removing pwm.o(i.PWM_DisableOutput), (8 bytes).
    Removing pwm.o(i.PWM_DisablePeriodInt), (12 bytes).
    Removing pwm.o(i.PWM_EnableADCTrigger), (26 bytes).
    Removing pwm.o(i.PWM_EnableCapture), (60 bytes).
    Removing pwm.o(i.PWM_EnableCaptureInt), (36 bytes).
    Removing pwm.o(i.PWM_EnableDeadZone), (40 bytes).
    Removing pwm.o(i.PWM_EnableDutyInt), (34 bytes).
    Removing pwm.o(i.PWM_EnableOutput), (8 bytes).
    Removing pwm.o(i.PWM_EnablePeriodInt), (32 bytes).
    Removing pwm.o(i.PWM_ForceStop), (38 bytes).
    Removing pwm.o(i.PWM_GetADCTriggerFlag), (22 bytes).
    Removing pwm.o(i.PWM_GetCaptureIntFlag), (48 bytes).
    Removing pwm.o(i.PWM_GetDutyIntFlag), (22 bytes).
    Removing pwm.o(i.PWM_GetPeriodIntFlag), (20 bytes).
    Removing pwm.o(i.PWM_Start), (38 bytes).
    Removing pwm.o(i.PWM_Stop), (34 bytes).
    Removing pwm.o(.constdata), (168 bytes).
    Removing retarget.o(.rev16_text), (4 bytes).
    Removing retarget.o(.revsh_text), (4 bytes).
    Removing retarget.o(i.GetChar), (28 bytes).
    Removing retarget.o(i.IsDebugFifoEmpty), (20 bytes).
    Removing retarget.o(i.SendChar), (12 bytes).
    Removing retarget.o(i.SendChar_ToUART), (48 bytes).
    Removing retarget.o(i._ttywrch), (12 bytes).
    Removing retarget.o(i.ferror), (8 bytes).
    Removing retarget.o(i.fgetc), (10 bytes).
    Removing retarget.o(i.fputc), (16 bytes).
    Removing retarget.o(i.kbhit), (20 bytes).
    Removing retarget.o(.data), (8 bytes).
    Removing spi.o(.rev16_text), (4 bytes).
    Removing spi.o(.revsh_text), (4 bytes).
    Removing spi.o(i.CLK_GetPLLClockFreq), (124 bytes).
    Removing spi.o(i.SPI_ClearIntFlag), (86 bytes).
    Removing spi.o(i.SPI_ClearRxFIFO), (10 bytes).
    Removing spi.o(i.SPI_ClearTxFIFO), (10 bytes).
    Removing spi.o(i.SPI_Close), (108 bytes).
    Removing spi.o(i.SPI_DisableAutoSS), (10 bytes).
    Removing spi.o(i.SPI_DisableFIFO), (12 bytes).
    Removing spi.o(i.SPI_DisableInt), (136 bytes).
    Removing spi.o(i.SPI_EnableAutoSS), (22 bytes).
    Removing spi.o(i.SPI_EnableFIFO), (32 bytes).
    Removing spi.o(i.SPI_EnableInt), (136 bytes).
    Removing spi.o(i.SPI_GetBusClock), (188 bytes).
    Removing spi.o(i.SPI_GetIntFlag), (154 bytes).
    Removing spi.o(i.SPI_GetStatus), (138 bytes).
    Removing spi.o(i.SPI_Open), (580 bytes).
    Removing spi.o(i.SPI_SetBusClock), (408 bytes).
    Removing sys.o(.rev16_text), (4 bytes).
    Removing sys.o(.revsh_text), (4 bytes).
    Removing sys.o(i.SYS_ClearResetSrc), (16 bytes).
    Removing sys.o(i.SYS_DisableBOD), (18 bytes).
    Removing sys.o(i.SYS_EnableBOD), (50 bytes).
    Removing sys.o(i.SYS_GetBODStatus), (14 bytes).
    Removing sys.o(i.SYS_GetResetSrc), (8 bytes).
    Removing sys.o(i.SYS_IsRegLocked), (20 bytes).
    Removing sys.o(i.SYS_ReadPDID), (8 bytes).
    Removing sys.o(i.SYS_ResetCPU), (18 bytes).
    Removing sys.o(i.SYS_ResetChip), (18 bytes).
    Removing timer.o(.rev16_text), (4 bytes).
    Removing timer.o(.revsh_text), (4 bytes).
    Removing timer.o(i.TIMER_Close), (8 bytes).
    Removing timer.o(i.TIMER_Delay), (260 bytes).
    Removing timer.o(i.TIMER_DisableCapture), (10 bytes).
    Removing timer.o(i.TIMER_DisableEventCounter), (12 bytes).
    Removing timer.o(i.TIMER_EnableCapture), (20 bytes).
    Removing timer.o(i.TIMER_EnableEventCounter), (22 bytes).
    Removing uart.o(.rev16_text), (4 bytes).
    Removing uart.o(.revsh_text), (4 bytes).
    Removing uart.o(i.NVIC_DisableIRQ), (20 bytes).
    Removing uart.o(i.NVIC_EnableIRQ), (20 bytes).
    Removing uart.o(i.UART_ClearIntFlag), (80 bytes).
    Removing uart.o(i.UART_Close), (6 bytes).
    Removing uart.o(i.UART_DisableFlowCtrl), (12 bytes).
    Removing uart.o(i.UART_DisableInt), (40 bytes).
    Removing uart.o(i.UART_EnableFlowCtrl), (30 bytes).
    Removing uart.o(i.UART_EnableInt), (40 bytes).
    Removing uart.o(i.UART_Read), (50 bytes).
    Removing uart.o(i.UART_SelectIrDAMode), (140 bytes).
    Removing uart.o(i.UART_SelectLINMode), (26 bytes).
    Removing uart.o(i.UART_SelectRS485Mode), (32 bytes).
    Removing uart.o(i.UART_SetLine_Config), (152 bytes).
    Removing uart.o(i.UART_SetTimeoutCnt), (22 bytes).
    Removing wdt.o(.rev16_text), (4 bytes).
    Removing wdt.o(.revsh_text), (4 bytes).
    Removing wdt.o(i.WDT_Open), (28 bytes).
    Removing wwdt.o(.rev16_text), (4 bytes).
    Removing wwdt.o(.revsh_text), (4 bytes).
    Removing wwdt.o(i.WWDT_Open), (32 bytes).
    Removing startup_m051series.o(HEAP), (0 bytes).
    Removing system_m051series.o(.rev16_text), (4 bytes).
    Removing system_m051series.o(.revsh_text), (4 bytes).
    Removing realyctrl.o(.rev16_text), (4 bytes).
    Removing realyctrl.o(.revsh_text), (4 bytes).
    Removing uart3th.o(.rev16_text), (4 bytes).
    Removing uart3th.o(.revsh_text), (4 bytes).
    Removing uart3th.o(i.Co2_PM25EventPoll), (28 bytes).
    Removing uart3th.o(i.Co2_PM25SendCmd), (36 bytes).
    Removing uart3th.o(i.x3THPortSerialPutByte), (16 bytes).
    Removing hdt11.o(.rev16_text), (4 bytes).
    Removing hdt11.o(.revsh_text), (4 bytes).
    Removing hdt11.o(i.DHT11EventPoll), (60 bytes).
    Removing hdt11.o(i.Delayms), (22 bytes).
    Removing hdt11.o(i.Read_8byte_data), (76 bytes).
    Removing hdt11.o(i.Read_HDT11), (132 bytes).
    Removing hdt11.o(.data), (4 bytes).
    Removing gprs_usr_gm3.o(.rev16_text), (4 bytes).
    Removing gprs_usr_gm3.o(.revsh_text), (4 bytes).
    Removing gprs_usr_gm3.o(i.GprsConnectNetMode), (468 bytes).
    Removing gprs_usr_gm3.o(i.GprsInit), (36 bytes).
    Removing gprs_usr_gm3.o(i.GprsReciveEventPoll), (532 bytes).
    Removing gprs_usr_gm3.o(i.GprsSentEventPoll), (20 bytes).
    Removing gprs_usr_gm3.o(.data), (3 bytes).
    Removing blux_v30b.o(.rev16_text), (4 bytes).
    Removing blux_v30b.o(.revsh_text), (4 bytes).
    Removing blux_v30b.o(i.B_LUX_Delay5ms), (20 bytes).
    Removing blux_v30b.o(i.B_LUX_Delay5us), (10 bytes).
    Removing blux_v30b.o(i.B_LUX_GetLux), (216 bytes).
    Removing blux_v30b.o(i.B_LUX_Init), (2 bytes).
    Removing blux_v30b.o(i.B_LUX_Multiple_read), (2 bytes).
    Removing blux_v30b.o(i.B_LUX_RecvACK), (44 bytes).
    Removing blux_v30b.o(i.B_LUX_RecvByte), (64 bytes).
    Removing blux_v30b.o(i.B_LUX_SendACK), (56 bytes).
    Removing blux_v30b.o(i.B_LUX_SendByte), (76 bytes).
    Removing blux_v30b.o(i.B_LUX_Single_Write), (2 bytes).
    Removing blux_v30b.o(i.B_LUX_Start), (36 bytes).
    Removing blux_v30b.o(i.B_LUX_Stop), (44 bytes).
    Removing blux_v30b.o(i.B_LUX_delay_nms), (26 bytes).
    Removing blux_v30b.o(i.Blux_v3bPoll), (64 bytes).
    Removing blux_v30b.o(i.I2C0_Close), (44 bytes).
    Removing blux_v30b.o(i.I2C_MasterRx), (280 bytes).
    Removing blux_v30b.o(i.I2C_MasterTx), (196 bytes).
    Removing blux_v30b.o(i.InitBLUX_V30), (40 bytes).
    Removing blux_v30b.o(.bss), (129 bytes).
    Removing fmc_data_flash.o(.rev16_text), (4 bytes).
    Removing fmc_data_flash.o(.revsh_text), (4 bytes).
    Removing fmc_data_flash.o(i.FMC_EraseData), (60 bytes).
    Removing fmc_data_flash.o(i.FMC_ReadData), (44 bytes).
    Removing fmc_data_flash.o(i.FMC_WriteData), (44 bytes).
    Removing fmc_data_flash.o(i.InitSlaveAddr), (68 bytes).
    Removing fmc_data_flash.o(i.SaveUserSlaveAddr), (84 bytes).
    Removing fmc_data_flash.o(i.SlaveAddrPoll), (68 bytes).
    Removing fmc_data_flash.o(.data), (2 bytes).
    Removing esp8266_wifi.o(.rev16_text), (4 bytes).
    Removing esp8266_wifi.o(.revsh_text), (4 bytes).
    Removing dmul.o(.text), (212 bytes).
    Removing ffixui.o(.text), (42 bytes).
    Removing f2d.o(.text), (38 bytes).
    Removing d2f.o(.text), (64 bytes).
    Removing depilogue.o(.text), (246 bytes).
    Removing depilogue.o(i.__ARM_clz), (46 bytes).

257 unused section(s) (total 12236 bytes) removed from the image.

==============================================================================

Image Symbol Table

    Local Symbols

    Symbol Name                              Value     Ov Type        Size  Object(Section)

    RESET                                    0x00000000   Section      192  startup_m051series.o(RESET)
    ../../../cmprslib/zerorunl2.c            0x00000000   Number         0  __dczerorl2.o ABSOLUTE
    ../../microlib/d2f.c                     0x00000000   Number         0  d2f.o ABSOLUTE
    ../../microlib/division.c                0x00000000   Number         0  uidiv.o ABSOLUTE
    ../../microlib/f2d.c                     0x00000000   Number         0  f2d.o ABSOLUTE
    ../../microlib/fpdiv.c                   0x00000000   Number         0  fdiv.o ABSOLUTE
    ../../microlib/fpepilogue.c              0x00000000   Number         0  depilogue.o ABSOLUTE
    ../../microlib/fpepilogue.c              0x00000000   Number         0  fepilogue.o ABSOLUTE
    ../../microlib/fpfix.c                   0x00000000   Number         0  ffixui.o ABSOLUTE
    ../../microlib/fpfix.c                   0x00000000   Number         0  ffixi.o ABSOLUTE
    ../../microlib/fpflt.c                   0x00000000   Number         0  ffltui.o ABSOLUTE
    ../../microlib/fpmul.c                   0x00000000   Number         0  dmul.o ABSOLUTE
    ../../microlib/init/entry.s              0x00000000   Number         0  entry.o ABSOLUTE
    ../../microlib/init/entry.s              0x00000000   Number         0  entry5.o ABSOLUTE
    ../../microlib/init/entry.s              0x00000000   Number         0  entry2.o ABSOLUTE
    ../../microlib/init/entry.s              0x00000000   Number         0  entry7.o ABSOLUTE
    ../../microlib/longlong.c                0x00000000   Number         0  llshl.o ABSOLUTE
    ../../microlib/longlong.c                0x00000000   Number         0  llushr.o ABSOLUTE
    ../../microlib/printf/stubs.s            0x00000000   Number         0  stubs.o ABSOLUTE
    ../../microlib/string/memcpy.c           0x00000000   Number         0  memcpya.o ABSOLUTE
    ../../microlib/string/memcpy.c           0x00000000   Number         0  memcpyb.o ABSOLUTE
    ../../microlib/string/strstr.c           0x00000000   Number         0  strstr.o ABSOLUTE
    ../../microlib/stubs.s                   0x00000000   Number         0  iusefp.o ABSOLUTE
    ..\HDT11\HDT11.c                         0x00000000   Number         0  hdt11.o ABSOLUTE
    ..\\HDT11\\HDT11.c                       0x00000000   Number         0  hdt11.o ABSOLUTE
    ..\\chip_lib\\Device\\Nuvoton\\M051Series\\Source\\system_M051Series.c 0x00000000   Number         0  system_m051series.o ABSOLUTE
    ..\\chip_lib\\StdDriver\\src\\acmp.c     0x00000000   Number         0  acmp.o ABSOLUTE
    ..\\chip_lib\\StdDriver\\src\\adc.c      0x00000000   Number         0  adc.o ABSOLUTE
    ..\\chip_lib\\StdDriver\\src\\clk.c      0x00000000   Number         0  clk.o ABSOLUTE
    ..\\chip_lib\\StdDriver\\src\\ebi.c      0x00000000   Number         0  ebi.o ABSOLUTE
    ..\\chip_lib\\StdDriver\\src\\fmc.c      0x00000000   Number         0  fmc.o ABSOLUTE
    ..\\chip_lib\\StdDriver\\src\\gpio.c     0x00000000   Number         0  gpio.o ABSOLUTE
    ..\\chip_lib\\StdDriver\\src\\i2c.c      0x00000000   Number         0  i2c.o ABSOLUTE
    ..\\chip_lib\\StdDriver\\src\\pwm.c      0x00000000   Number         0  pwm.o ABSOLUTE
    ..\\chip_lib\\StdDriver\\src\\retarget.c 0x00000000   Number         0  retarget.o ABSOLUTE
    ..\\chip_lib\\StdDriver\\src\\spi.c      0x00000000   Number         0  spi.o ABSOLUTE
    ..\\chip_lib\\StdDriver\\src\\sys.c      0x00000000   Number         0  sys.o ABSOLUTE
    ..\\chip_lib\\StdDriver\\src\\timer.c    0x00000000   Number         0  timer.o ABSOLUTE
    ..\\chip_lib\\StdDriver\\src\\uart.c     0x00000000   Number         0  uart.o ABSOLUTE
    ..\\chip_lib\\StdDriver\\src\\wdt.c      0x00000000   Number         0  wdt.o ABSOLUTE
    ..\\chip_lib\\StdDriver\\src\\wwdt.c     0x00000000   Number         0  wwdt.o ABSOLUTE
    ..\\freemodbus-v1.6.0\\modbus\\functions\\btfunc.c 0x00000000   Number         0  btfunc.o ABSOLUTE
    ..\\freemodbus-v1.6.0\\modbus\\functions\\mbfuncother.c 0x00000000   Number         0  mbfuncother.o ABSOLUTE
    ..\\freemodbus-v1.6.0\\modbus\\functions\\mbutils.c 0x00000000   Number         0  mbutils.o ABSOLUTE
    ..\\freemodbus-v1.6.0\\modbus\\rtu\\mbrtu.c 0x00000000   Number         0  mbrtu.o ABSOLUTE
    ..\\freemodbus-v1.6.0\\port\\portserial.c 0x00000000   Number         0  portserial.o ABSOLUTE
    ..\\freemodbus-v1.6.0\\port\\porttimer.c 0x00000000   Number         0  porttimer.o ABSOLUTE
    ..\\user\\src\\BLUX_V30B.C               0x00000000   Number         0  blux_v30b.o ABSOLUTE
    ..\\user\\src\\ESP8266_WIFI.C            0x00000000   Number         0  esp8266_wifi.o ABSOLUTE
    ..\\user\\src\\FMC_DATA_FLASH.C          0x00000000   Number         0  fmc_data_flash.o ABSOLUTE
    ..\\user\\src\\GPRS_USR_GM3.c            0x00000000   Number         0  gprs_usr_gm3.o ABSOLUTE
    ..\\user\\src\\Uart3th.c                 0x00000000   Number         0  uart3th.o ABSOLUTE
    ..\\user\\src\\main.c                    0x00000000   Number         0  main.o ABSOLUTE
    ..\\user\\src\\realyctrl.c               0x00000000   Number         0  realyctrl.o ABSOLUTE
    ..\chip_lib\Device\Nuvoton\M051Series\Source\ARM\startup_M051Series.s 0x00000000   Number         0  startup_m051series.o ABSOLUTE
    ..\chip_lib\Device\Nuvoton\M051Series\Source\system_M051Series.c 0x00000000   Number         0  system_m051series.o ABSOLUTE
    ..\chip_lib\StdDriver\src\acmp.c         0x00000000   Number         0  acmp.o ABSOLUTE
    ..\chip_lib\StdDriver\src\adc.c          0x00000000   Number         0  adc.o ABSOLUTE
    ..\chip_lib\StdDriver\src\clk.c          0x00000000   Number         0  clk.o ABSOLUTE
    ..\chip_lib\StdDriver\src\ebi.c          0x00000000   Number         0  ebi.o ABSOLUTE
    ..\chip_lib\StdDriver\src\fmc.c          0x00000000   Number         0  fmc.o ABSOLUTE
    ..\chip_lib\StdDriver\src\gpio.c         0x00000000   Number         0  gpio.o ABSOLUTE
    ..\chip_lib\StdDriver\src\i2c.c          0x00000000   Number         0  i2c.o ABSOLUTE
    ..\chip_lib\StdDriver\src\pwm.c          0x00000000   Number         0  pwm.o ABSOLUTE
    ..\chip_lib\StdDriver\src\retarget.c     0x00000000   Number         0  retarget.o ABSOLUTE
    ..\chip_lib\StdDriver\src\spi.c          0x00000000   Number         0  spi.o ABSOLUTE
    ..\chip_lib\StdDriver\src\sys.c          0x00000000   Number         0  sys.o ABSOLUTE
    ..\chip_lib\StdDriver\src\timer.c        0x00000000   Number         0  timer.o ABSOLUTE
    ..\chip_lib\StdDriver\src\uart.c         0x00000000   Number         0  uart.o ABSOLUTE
    ..\chip_lib\StdDriver\src\wdt.c          0x00000000   Number         0  wdt.o ABSOLUTE
    ..\chip_lib\StdDriver\src\wwdt.c         0x00000000   Number         0  wwdt.o ABSOLUTE
    ..\freemodbus-v1.6.0\modbus\functions\btfunc.c 0x00000000   Number         0  btfunc.o ABSOLUTE
    ..\freemodbus-v1.6.0\modbus\functions\mbfunccoils.c 0x00000000   Number         0  mbfunccoils.o ABSOLUTE
    ..\freemodbus-v1.6.0\modbus\functions\mbfuncdiag.c 0x00000000   Number         0  mbfuncdiag.o ABSOLUTE
    ..\freemodbus-v1.6.0\modbus\functions\mbfuncdisc.c 0x00000000   Number         0  mbfuncdisc.o ABSOLUTE
    ..\freemodbus-v1.6.0\modbus\functions\mbfuncholding.c 0x00000000   Number         0  mbfuncholding.o ABSOLUTE
    ..\freemodbus-v1.6.0\modbus\functions\mbfuncinput.c 0x00000000   Number         0  mbfuncinput.o ABSOLUTE
    ..\freemodbus-v1.6.0\modbus\functions\mbfuncother.c 0x00000000   Number         0  mbfuncother.o ABSOLUTE
    ..\freemodbus-v1.6.0\modbus\functions\mbutils.c 0x00000000   Number         0  mbutils.o ABSOLUTE
    ..\freemodbus-v1.6.0\modbus\mb.c         0x00000000   Number         0  mb.o ABSOLUTE
    ..\freemodbus-v1.6.0\modbus\rtu\mbcrc.c  0x00000000   Number         0  mbcrc.o ABSOLUTE
    ..\freemodbus-v1.6.0\modbus\rtu\mbrtu.c  0x00000000   Number         0  mbrtu.o ABSOLUTE
    ..\freemodbus-v1.6.0\modbus\tcp\mbtcp.c  0x00000000   Number         0  mbtcp.o ABSOLUTE
    ..\freemodbus-v1.6.0\port\port.c         0x00000000   Number         0  port.o ABSOLUTE
    ..\freemodbus-v1.6.0\port\portevent.c    0x00000000   Number         0  portevent.o ABSOLUTE
    ..\freemodbus-v1.6.0\port\portserial.c   0x00000000   Number         0  portserial.o ABSOLUTE
    ..\freemodbus-v1.6.0\port\porttimer.c    0x00000000   Number         0  porttimer.o ABSOLUTE
    ..\freemodbus-v1.6.0\port\user_mb_app.c  0x00000000   Number         0  user_mb_app.o ABSOLUTE
    ..\user\src\BLUX_V30B.C                  0x00000000   Number         0  blux_v30b.o ABSOLUTE
    ..\user\src\ESP8266_WIFI.C               0x00000000   Number         0  esp8266_wifi.o ABSOLUTE
    ..\user\src\FMC_DATA_FLASH.C             0x00000000   Number         0  fmc_data_flash.o ABSOLUTE
    ..\user\src\GPRS_USR_GM3.c               0x00000000   Number         0  gprs_usr_gm3.o ABSOLUTE
    ..\user\src\Uart3th.c                    0x00000000   Number         0  uart3th.o ABSOLUTE
    ..\user\src\main.c                       0x00000000   Number         0  main.o ABSOLUTE
    ..\user\src\realyctrl.c                  0x00000000   Number         0  realyctrl.o ABSOLUTE
    dc.s                                     0x00000000   Number         0  dc.o ABSOLUTE
    handlers.s                               0x00000000   Number         0  handlers.o ABSOLUTE
    init.s                                   0x00000000   Number         0  init.o ABSOLUTE
    .ARM.Collect$$$$00000000                 0x000000c0   Section        0  entry.o(.ARM.Collect$$$$00000000)
    .ARM.Collect$$$$00000001                 0x000000c0   Section        4  entry2.o(.ARM.Collect$$$$00000001)
    .ARM.Collect$$$$00000004                 0x000000c4   Section        4  entry5.o(.ARM.Collect$$$$00000004)
    .ARM.Collect$$$$00000007                 0x000000c8   Section        8  entry7.o(.ARM.Collect$$$$00000007)
    .ARM.Collect$$$$00002712                 0x000000d0   Section        4  entry2.o(.ARM.Collect$$$$00002712)
    __lit__00000000                          0x000000d0   Data           4  entry2.o(.ARM.Collect$$$$00002712)
    .text                                    0x000000d4   Section       76  startup_m051series.o(.text)
    Default_Handler                          0x000000ff   Thumb Code     2  startup_m051series.o(.text)
    .text                                    0x00000120   Section        0  uidiv.o(.text)
    .text                                    0x0000014c   Section        0  memcpya.o(.text)
    .text                                    0x00000170   Section        0  strstr.o(.text)
    .text                                    0x0000019c   Section        0  fdiv.o(.text)
    .text                                    0x0000021c   Section        0  ffltui.o(.text)
    .text                                    0x0000022a   Section        0  ffixi.o(.text)
    .text                                    0x0000025e   Section        0  fepilogue.o(.text)
    .text                                    0x0000025e   Section        0  iusefp.o(.text)
    .text                                    0x000002e4   Section       36  init.o(.text)
    .text                                    0x00000308   Section        0  __dczerorl2.o(.text)
    i.CLK_EnableModuleClock                  0x00000360   Section        0  clk.o(i.CLK_EnableModuleClock)
    i.CLK_GetPLLClockFreq                    0x00000380   Section        0  uart.o(i.CLK_GetPLLClockFreq)
    CLK_GetPLLClockFreq                      0x00000381   Thumb Code   106  uart.o(i.CLK_GetPLLClockFreq)
    i.CLK_GetPLLClockFreq                    0x000003fc   Section        0  system_m051series.o(i.CLK_GetPLLClockFreq)
    CLK_GetPLLClockFreq                      0x000003fd   Thumb Code   106  system_m051series.o(i.CLK_GetPLLClockFreq)
    i.CLK_SetModuleClock                     0x00000478   Section        0  clk.o(i.CLK_SetModuleClock)
    i.CLK_WaitClockReady                     0x000004d4   Section        0  clk.o(i.CLK_WaitClockReady)
    i.CleanWeight                            0x000004f8   Section        0  esp8266_wifi.o(i.CleanWeight)
    i.ConfigHWADCHX711                       0x00000510   Section        0  esp8266_wifi.o(i.ConfigHWADCHX711)
    i.DrvSYS_Delay                           0x00000560   Section        0  main.o(i.DrvSYS_Delay)
    i.EnterCriticalSection                   0x00000590   Section        0  port.o(i.EnterCriticalSection)
    i.ExitCriticalSection                    0x00000594   Section        0  port.o(i.ExitCriticalSection)
    i.FMC_Close                              0x00000598   Section        0  fmc.o(i.FMC_Close)
    i.FMC_Open                               0x000005ac   Section        0  fmc.o(i.FMC_Open)
    i.FMC_ReadUID                            0x000005c0   Section        0  main.o(i.FMC_ReadUID)
    FMC_ReadUID                              0x000005c1   Thumb Code    36  main.o(i.FMC_ReadUID)
    i.GPIO_SetMode                           0x000005e8   Section        0  gpio.o(i.GPIO_SetMode)
    i.GetHwAddrIint                          0x00000614   Section        0  realyctrl.o(i.GetHwAddrIint)
    i.HWRealyInit                            0x00000684   Section        0  realyctrl.o(i.HWRealyInit)
    i.I2C1_IRQHandler                        0x000006e4   Section        0  blux_v30b.o(i.I2C1_IRQHandler)
    i.I2C_ClearTimeoutFlag                   0x0000071c   Section        0  i2c.o(i.I2C_ClearTimeoutFlag)
    i.KeyPool                                0x00000728   Section        0  realyctrl.o(i.KeyPool)
    i.KeyProc                                0x00000778   Section        0  realyctrl.o(i.KeyProc)
    i.KeyRead                                0x00000804   Section        0  realyctrl.o(i.KeyRead)
    i.NVIC_EnableIRQ                         0x0000087c   Section        0  porttimer.o(i.NVIC_EnableIRQ)
    NVIC_EnableIRQ                           0x0000087d   Thumb Code    14  porttimer.o(i.NVIC_EnableIRQ)
    i.NVIC_EnableIRQ                         0x00000890   Section        0  uart3th.o(i.NVIC_EnableIRQ)
    NVIC_EnableIRQ                           0x00000891   Thumb Code    14  uart3th.o(i.NVIC_EnableIRQ)
    i.NVIC_SetPriority                       0x000008a4   Section        0  portserial.o(i.NVIC_SetPriority)
    NVIC_SetPriority                         0x000008a5   Thumb Code   110  portserial.o(i.NVIC_SetPriority)
    i.NVIC_SetPriority                       0x0000091c   Section        0  porttimer.o(i.NVIC_SetPriority)
    NVIC_SetPriority                         0x0000091d   Thumb Code   110  porttimer.o(i.NVIC_SetPriority)
    i.NVIC_SetPriority                       0x00000994   Section        0  uart3th.o(i.NVIC_SetPriority)
    NVIC_SetPriority                         0x00000995   Thumb Code   110  uart3th.o(i.NVIC_SetPriority)
    i.ReadADCHX711                           0x00000a0c   Section        0  esp8266_wifi.o(i.ReadADCHX711)
    i.RealyCtrl                              0x00000a6c   Section        0  realyctrl.o(i.RealyCtrl)
    i.RealyPoll                              0x00000bac   Section        0  realyctrl.o(i.RealyPoll)
    i.SYS_Init                               0x00000c18   Section        0  main.o(i.SYS_Init)
    i.SYS_ResetModule                        0x00000c84   Section        0  sys.o(i.SYS_ResetModule)
    i.SendData2Sever                         0x00000cb4   Section        0  esp8266_wifi.o(i.SendData2Sever)
    i.SysTick_Handler                        0x00000de4   Section        0  main.o(i.SysTick_Handler)
    i.SystemCoreClockUpdate                  0x00000df8   Section        0  system_m051series.o(i.SystemCoreClockUpdate)
    i.SystemInit                             0x00000e5c   Section        0  system_m051series.o(i.SystemInit)
    i.TIMER_EnableInt                        0x00000e5e   Section        0  porttimer.o(i.TIMER_EnableInt)
    TIMER_EnableInt                          0x00000e5f   Thumb Code    12  porttimer.o(i.TIMER_EnableInt)
    i.TIMER_GetModuleClock                   0x00000e6c   Section        0  timer.o(i.TIMER_GetModuleClock)
    i.TIMER_Open                             0x00000ef0   Section        0  timer.o(i.TIMER_Open)
    i.TIMER_Start                            0x00000f64   Section        0  porttimer.o(i.TIMER_Start)
    TIMER_Start                              0x00000f65   Thumb Code    12  porttimer.o(i.TIMER_Start)
    i.TMR1_IRQHandler                        0x00000f70   Section        0  porttimer.o(i.TMR1_IRQHandler)
    i.TMR2_IRQHandler                        0x00000fcc   Section        0  uart3th.o(i.TMR2_IRQHandler)
    i.UART0_IRQHandler                       0x00001050   Section        0  portserial.o(i.UART0_IRQHandler)
    i.UART1_IRQHandler                       0x0000107c   Section        0  uart3th.o(i.UART1_IRQHandler)
    i.UART_Open                              0x000010c4   Section        0  uart.o(i.UART_Open)
    i.UART_Write                             0x00001158   Section        0  uart.o(i.UART_Write)
    i.Uart3ThInit                            0x0000118a   Section        0  uart3th.o(i.Uart3ThInit)
    i.UpdataWeight                           0x00001194   Section        0  esp8266_wifi.o(i.UpdataWeight)
    i.WifiConnectNetMode                     0x000011c4   Section        0  esp8266_wifi.o(i.WifiConnectNetMode)
    i.WifiInit                               0x0000136c   Section        0  esp8266_wifi.o(i.WifiInit)
    i.WifiMain                               0x000013dc   Section        0  esp8266_wifi.o(i.WifiMain)
    i.WifiReciveEventPoll                    0x0000149c   Section        0  esp8266_wifi.o(i.WifiReciveEventPoll)
    i.WifiSentEventPoll                      0x00001714   Section        0  esp8266_wifi.o(i.WifiSentEventPoll)
    i.__ARM_common_switch8                   0x000018a4   Section        0  mb.o(i.__ARM_common_switch8)
    i.__scatterload_copy                     0x000018be   Section       14  handlers.o(i.__scatterload_copy)
    i.__scatterload_null                     0x000018cc   Section        2  handlers.o(i.__scatterload_null)
    i.__scatterload_zeroinit                 0x000018ce   Section       14  handlers.o(i.__scatterload_zeroinit)
    i.crc_ccitt                              0x000018dc   Section        0  mbcrc.o(i.crc_ccitt)
    i.delayp                                 0x00001908   Section        0  esp8266_wifi.o(i.delayp)
    i.eBTFuncReadHoldingRegister             0x00001914   Section        0  btfunc.o(i.eBTFuncReadHoldingRegister)
    i.eMBEnable                              0x000019a8   Section        0  mb.o(i.eMBEnable)
    i.eMBFuncReadCoils                       0x000019d0   Section        0  mbfunccoils.o(i.eMBFuncReadCoils)
    i.eMBFuncReadDiscreteInputs              0x00001a8e   Section        0  mbfuncdisc.o(i.eMBFuncReadDiscreteInputs)
    i.eMBFuncReadHoldingRegister             0x00001b4a   Section        0  mbfuncholding.o(i.eMBFuncReadHoldingRegister)
    i.eMBFuncReadInputRegister               0x00001bd6   Section        0  mbfuncinput.o(i.eMBFuncReadInputRegister)
    i.eMBFuncReadWriteMultipleHoldingRegister 0x00001c62   Section        0  mbfuncholding.o(i.eMBFuncReadWriteMultipleHoldingRegister)
    i.eMBFuncReportSlaveID                   0x00001d4c   Section        0  mbfuncother.o(i.eMBFuncReportSlaveID)
    i.eMBFuncWriteCoil                       0x00001d74   Section        0  mbfunccoils.o(i.eMBFuncWriteCoil)
    i.eMBFuncWriteHoldingRegister            0x00001de4   Section        0  mbfuncholding.o(i.eMBFuncWriteHoldingRegister)
    i.eMBFuncWriteMultipleCoils              0x00001e24   Section        0  mbfunccoils.o(i.eMBFuncWriteMultipleCoils)
    i.eMBFuncWriteMultipleHoldingRegister    0x00001ebc   Section        0  mbfuncholding.o(i.eMBFuncWriteMultipleHoldingRegister)
    i.eMBInit                                0x00001f28   Section        0  mb.o(i.eMBInit)
    i.eMBPoll                                0x00001ff4   Section        0  mb.o(i.eMBPoll)
    i.eMBRTUInit                             0x00002204   Section        0  mbrtu.o(i.eMBRTUInit)
    i.eMBRTUReceive                          0x00002258   Section        0  mbrtu.o(i.eMBRTUReceive)
    i.eMBRTUSend                             0x000022c4   Section        0  mbrtu.o(i.eMBRTUSend)
    i.eMBRTUStart                            0x0000234c   Section        0  mbrtu.o(i.eMBRTUStart)
    i.eMBRTUStop                             0x00002370   Section        0  mbrtu.o(i.eMBRTUStop)
    i.eMBRegCoilsCB                          0x00002388   Section        0  user_mb_app.o(i.eMBRegCoilsCB)
    i.eMBRegDiscreteCB                       0x000024e4   Section        0  user_mb_app.o(i.eMBRegDiscreteCB)
    i.eMBRegHoldingCB                        0x00002634   Section        0  user_mb_app.o(i.eMBRegHoldingCB)
    i.eMBRegInputCB                          0x000026f4   Section        0  user_mb_app.o(i.eMBRegInputCB)
    i.main                                   0x0000279c   Section        0  main.o(i.main)
    i.peBTFrameSendCur                       0x0000283c   Section        0  mbrtu.o(i.peBTFrameSendCur)
    i.prveMBError2Exception                  0x0000291c   Section        0  mbutils.o(i.prveMBError2Exception)
    i.prvvTIMERExpiredISR                    0x00002940   Section        0  porttimer.o(i.prvvTIMERExpiredISR)
    prvvTIMERExpiredISR                      0x00002941   Thumb Code    10  porttimer.o(i.prvvTIMERExpiredISR)
    i.prvvUARTRxISR                          0x00002950   Section        0  portserial.o(i.prvvUARTRxISR)
    prvvUARTRxISR                            0x00002951   Thumb Code    10  portserial.o(i.prvvUARTRxISR)
    i.prvvUARTTxReadyISR                     0x00002960   Section        0  portserial.o(i.prvvUARTTxReadyISR)
    prvvUARTTxReadyISR                       0x00002961   Thumb Code    10  portserial.o(i.prvvUARTTxReadyISR)
    i.rt_thread_entry_Weight                 0x00002970   Section        0  esp8266_wifi.o(i.rt_thread_entry_Weight)
    i.ucMBMasterGetDestAddress               0x000029dc   Section        0  user_mb_app.o(i.ucMBMasterGetDestAddress)
    i.usMBCRC16                              0x000029e0   Section        0  mbcrc.o(i.usMBCRC16)
    i.vMBPortSerialEnable                    0x00002a14   Section        0  portserial.o(i.vMBPortSerialEnable)
    i.vMBPortTimersDisable                   0x00002a58   Section        0  porttimer.o(i.vMBPortTimersDisable)
    i.vMBPortTimersEnable                    0x00002a84   Section        0  porttimer.o(i.vMBPortTimersEnable)
    i.x3THPortSerialGetByte                  0x00002ab4   Section        0  uart3th.o(i.x3THPortSerialGetByte)
    i.x3THPortSerialInit                     0x00002ac4   Section        0  uart3th.o(i.x3THPortSerialInit)
    i.x3THPortTimersDisable                  0x00002b20   Section        0  uart3th.o(i.x3THPortTimersDisable)
    i.x3THPortTimersEnable                   0x00002b34   Section        0  uart3th.o(i.x3THPortTimersEnable)
    i.x3THPortTimersInit                     0x00002b4c   Section        0  uart3th.o(i.x3THPortTimersInit)
    i.xMBMasterGetCBRunInMasterMode          0x00002ba8   Section        0  user_mb_app.o(i.xMBMasterGetCBRunInMasterMode)
    i.xMBPortEventGet                        0x00002bac   Section        0  portevent.o(i.xMBPortEventGet)
    i.xMBPortEventInit                       0x00002bd0   Section        0  portevent.o(i.xMBPortEventInit)
    i.xMBPortEventPost                       0x00002be0   Section        0  portevent.o(i.xMBPortEventPost)
    i.xMBPortSerialGetByte                   0x00002bf4   Section        0  portserial.o(i.xMBPortSerialGetByte)
    i.xMBPortSerialInit                      0x00002c04   Section        0  portserial.o(i.xMBPortSerialInit)
    i.xMBPortSerialPutByte                   0x00002c6c   Section        0  portserial.o(i.xMBPortSerialPutByte)
    i.xMBPortTimersInit                      0x00002c7c   Section        0  porttimer.o(i.xMBPortTimersInit)
    i.xMBRTUReceiveFSM                       0x00002cbc   Section        0  mbrtu.o(i.xMBRTUReceiveFSM)
    i.xMBRTUTimerT35Expired                  0x00002d4c   Section        0  mbrtu.o(i.xMBRTUTimerT35Expired)
    i.xMBRTUTransmitFSM                      0x00002d90   Section        0  mbrtu.o(i.xMBRTUTransmitFSM)
    i.xMBUtilGetBits                         0x00002e00   Section        0  mbutils.o(i.xMBUtilGetBits)
    i.xMBUtilSetBits                         0x00002e2e   Section        0  mbutils.o(i.xMBUtilSetBits)
    .constdata                               0x00002e7e   Section     1024  mbcrc.o(.constdata)
    aucCRCHi                                 0x00002e7e   Data         256  mbcrc.o(.constdata)
    aucCRCLo                                 0x00002f7e   Data         256  mbcrc.o(.constdata)
    ccitt_table                              0x0000307e   Data         512  mbcrc.o(.constdata)
    .constdata                               0x00003280   Section       32  timer.o(.constdata)
    .constdata                               0x000032a0   Section       48  uart.o(.constdata)
    .constdata                               0x000032d0   Section       32  system_m051series.o(.constdata)
    .data                                    0x20000000   Section       12  main.o(.data)
    .data                                    0x2000000c   Section        2  portevent.o(.data)
    eQueuedEvent                             0x2000000c   Data           1  portevent.o(.data)
    xEventInQueue                            0x2000000d   Data           1  portevent.o(.data)
    .data                                    0x20000010   Section       10  porttimer.o(.data)
    MBTimerout50us                           0x20000018   Data           2  porttimer.o(.data)
    .data                                    0x2000001c   Section       34  user_mb_app.o(.data)
    .data                                    0x20000040   Section       12  mbrtu.o(.data)
    eSndState                                0x20000040   Data           1  mbrtu.o(.data)
    eRcvState                                0x20000041   Data           1  mbrtu.o(.data)
    pucSndBufferCur                          0x20000044   Data           4  mbrtu.o(.data)
    usSndBufferCount                         0x20000048   Data           2  mbrtu.o(.data)
    usRcvBufferPos                           0x2000004a   Data           2  mbrtu.o(.data)
    .data                                    0x2000004c   Section        2  mbfuncother.o(.data)
    usMBSlaveIDLen                           0x2000004c   Data           2  mbfuncother.o(.data)
    .data                                    0x20000050   Section      184  mb.o(.data)
    eMBState                                 0x20000050   Data           1  mb.o(.data)
    xFuncHandlers                            0x20000054   Data         128  mb.o(.data)
    ucMBFrame                                0x200000d4   Data           4  mb.o(.data)
    ucRcvAddress                             0x200000d8   Data           1  mb.o(.data)
    ucFunctionCode                           0x200000d9   Data           1  mb.o(.data)
    usLength                                 0x200000da   Data           2  mb.o(.data)
    eException                               0x200000dc   Data           1  mb.o(.data)
    ucMBAddress                              0x200000dd   Data           1  mb.o(.data)
    eMBCurrentMode                           0x200000de   Data           1  mb.o(.data)
    peMBFrameSendCur                         0x200000e0   Data           4  mb.o(.data)
    pvMBFrameStartCur                        0x200000e4   Data           4  mb.o(.data)
    pvMBFrameStopCur                         0x200000e8   Data           4  mb.o(.data)
    peMBFrameReceiveCur                      0x200000ec   Data           4  mb.o(.data)
    pvMBFrameCloseCur                        0x200000f0   Data           4  mb.o(.data)
    .data                                    0x20000108   Section       12  system_m051series.o(.data)
    .data                                    0x20000114   Section       10  realyctrl.o(.data)
    .data                                    0x20000120   Section       26  uart3th.o(.data)
    t                                        0x20000134   Data           4  uart3th.o(.data)
    MBTime2rout50us                          0x20000138   Data           2  uart3th.o(.data)
    .data                                    0x2000013c   Section       28  blux_v30b.o(.data)
    s_I2C1HandlerFn                          0x20000140   Data           4  blux_v30b.o(.data)
    .data                                    0x20000158   Section       52  esp8266_wifi.o(.data)
    WeightADCalibration                      0x20000158   Data           4  esp8266_wifi.o(.data)
    WeightADCSignBit                         0x2000015c   Data           4  esp8266_wifi.o(.data)
    Heavy                                    0x20000160   Data           4  esp8266_wifi.o(.data)
    HeavyAlarm                               0x20000164   Data           4  esp8266_wifi.o(.data)
    WeightAD1                                0x20000178   Data           4  esp8266_wifi.o(.data)
    WeightAD2                                0x2000017c   Data           4  esp8266_wifi.o(.data)
    configtimeout                            0x20000188   Data           4  esp8266_wifi.o(.data)
    .bss                                     0x2000018c   Section      816  user_mb_app.o(.bss)
    .bss                                     0x200004bc   Section      256  mbrtu.o(.bss)
    .bss                                     0x200005bc   Section       32  mbfuncother.o(.bss)
    ucMBSlaveID                              0x200005bc   Data          32  mbfuncother.o(.bss)
    .bss                                     0x200005dc   Section       32  realyctrl.o(.bss)
    .bss                                     0x200005fc   Section      800  uart3th.o(.bss)
    STACK                                    0x20000920   Section      512  startup_m051series.o(STACK)

    Global Symbols

    Symbol Name                              Value     Ov Type        Size  Object(Section)

    BuildAttributes$$THM_ISAv3M$S$PE$A:L22$X:L11$S22$IEEE1$IW$USESV6$~STKCKD$USESV7$~SHL$OTIME$ROPI$EBA8$MICROLIB$REQ8$PRES8$EABIv2 0x00000000   Number         0  anon$$obj.o ABSOLUTE
    __ARM_use_no_argv                        0x00000000   Number         0  main.o ABSOLUTE
    __Vectors                                0x00000000   Data           4  startup_m051series.o(RESET)
    _printf_a                                0x00000000   Number         0  stubs.o ABSOLUTE
    _printf_c                                0x00000000   Number         0  stubs.o ABSOLUTE
    _printf_charcount                        0x00000000   Number         0  stubs.o ABSOLUTE
    _printf_d                                0x00000000   Number         0  stubs.o ABSOLUTE
    _printf_e                                0x00000000   Number         0  stubs.o ABSOLUTE
    _printf_f                                0x00000000   Number         0  stubs.o ABSOLUTE
    _printf_flags                            0x00000000   Number         0  stubs.o ABSOLUTE
    _printf_fp_dec                           0x00000000   Number         0  stubs.o ABSOLUTE
    _printf_fp_hex                           0x00000000   Number         0  stubs.o ABSOLUTE
    _printf_g                                0x00000000   Number         0  stubs.o ABSOLUTE
    _printf_i                                0x00000000   Number         0  stubs.o ABSOLUTE
    _printf_int_dec                          0x00000000   Number         0  stubs.o ABSOLUTE
    _printf_l                                0x00000000   Number         0  stubs.o ABSOLUTE
    _printf_lc                               0x00000000   Number         0  stubs.o ABSOLUTE
    _printf_ll                               0x00000000   Number         0  stubs.o ABSOLUTE
    _printf_lld                              0x00000000   Number         0  stubs.o ABSOLUTE
    _printf_lli                              0x00000000   Number         0  stubs.o ABSOLUTE
    _printf_llo                              0x00000000   Number         0  stubs.o ABSOLUTE
    _printf_llu                              0x00000000   Number         0  stubs.o ABSOLUTE
    _printf_llx                              0x00000000   Number         0  stubs.o ABSOLUTE
    _printf_longlong_dec                     0x00000000   Number         0  stubs.o ABSOLUTE
    _printf_longlong_hex                     0x00000000   Number         0  stubs.o ABSOLUTE
    _printf_longlong_oct                     0x00000000   Number         0  stubs.o ABSOLUTE
    _printf_ls                               0x00000000   Number         0  stubs.o ABSOLUTE
    _printf_mbtowc                           0x00000000   Number         0  stubs.o ABSOLUTE
    _printf_n                                0x00000000   Number         0  stubs.o ABSOLUTE
    _printf_o                                0x00000000   Number         0  stubs.o ABSOLUTE
    _printf_p                                0x00000000   Number         0  stubs.o ABSOLUTE
    _printf_percent                          0x00000000   Number         0  stubs.o ABSOLUTE
    _printf_pre_padding                      0x00000000   Number         0  stubs.o ABSOLUTE
    _printf_return_value                     0x00000000   Number         0  stubs.o ABSOLUTE
    _printf_s                                0x00000000   Number         0  stubs.o ABSOLUTE
    _printf_sizespec                         0x00000000   Number         0  stubs.o ABSOLUTE
    _printf_str                              0x00000000   Number         0  stubs.o ABSOLUTE
    _printf_truncate_signed                  0x00000000   Number         0  stubs.o ABSOLUTE
    _printf_truncate_unsigned                0x00000000   Number         0  stubs.o ABSOLUTE
    _printf_u                                0x00000000   Number         0  stubs.o ABSOLUTE
    _printf_wc                               0x00000000   Number         0  stubs.o ABSOLUTE
    _printf_wctomb                           0x00000000   Number         0  stubs.o ABSOLUTE
    _printf_widthprec                        0x00000000   Number         0  stubs.o ABSOLUTE
    _printf_x                                0x00000000   Number         0  stubs.o ABSOLUTE
    __main                                   0x000000c1   Thumb Code     0  entry.o(.ARM.Collect$$$$00000000)
    _main_stk                                0x000000c1   Thumb Code     0  entry2.o(.ARM.Collect$$$$00000001)
    _main_scatterload                        0x000000c5   Thumb Code     0  entry5.o(.ARM.Collect$$$$00000004)
    __main_after_scatterload                 0x000000c9   Thumb Code     0  entry5.o(.ARM.Collect$$$$00000004)
    _main_init                               0x000000c9   Thumb Code     0  entry7.o(.ARM.Collect$$$$00000007)
    Reset_Handler                            0x000000d5   Thumb Code    32  startup_m051series.o(.text)
    NMI_Handler                              0x000000f5   Thumb Code     2  startup_m051series.o(.text)
    HardFault_Handler                        0x000000f7   Thumb Code     2  startup_m051series.o(.text)
    SVC_Handler                              0x000000f9   Thumb Code     2  startup_m051series.o(.text)
    PendSV_Handler                           0x000000fb   Thumb Code     2  startup_m051series.o(.text)
    ACMP01_IRQHandler                        0x000000ff   Thumb Code     0  startup_m051series.o(.text)
    ACMP23_IRQHandler                        0x000000ff   Thumb Code     0  startup_m051series.o(.text)
    ADC_IRQHandler                           0x000000ff   Thumb Code     0  startup_m051series.o(.text)
    BOD_IRQHandler                           0x000000ff   Thumb Code     0  startup_m051series.o(.text)
    EINT0_IRQHandler                         0x000000ff   Thumb Code     0  startup_m051series.o(.text)
    EINT1_IRQHandler                         0x000000ff   Thumb Code     0  startup_m051series.o(.text)
    GPIOP0P1_IRQHandler                      0x000000ff   Thumb Code     0  startup_m051series.o(.text)
    GPIOP2P3P4_IRQHandler                    0x000000ff   Thumb Code     0  startup_m051series.o(.text)
    I2C0_IRQHandler                          0x000000ff   Thumb Code     0  startup_m051series.o(.text)
    PWMA_IRQHandler                          0x000000ff   Thumb Code     0  startup_m051series.o(.text)
    PWMB_IRQHandler                          0x000000ff   Thumb Code     0  startup_m051series.o(.text)
    PWRWU_IRQHandler                         0x000000ff   Thumb Code     0  startup_m051series.o(.text)
    RTC_IRQHandler                           0x000000ff   Thumb Code     0  startup_m051series.o(.text)
    SPI0_IRQHandler                          0x000000ff   Thumb Code     0  startup_m051series.o(.text)
    SPI1_IRQHandler                          0x000000ff   Thumb Code     0  startup_m051series.o(.text)
    TMR0_IRQHandler                          0x000000ff   Thumb Code     0  startup_m051series.o(.text)
    TMR3_IRQHandler                          0x000000ff   Thumb Code     0  startup_m051series.o(.text)
    WDT_IRQHandler                           0x000000ff   Thumb Code     0  startup_m051series.o(.text)
    __aeabi_uidiv                            0x00000121   Thumb Code     0  uidiv.o(.text)
    __aeabi_uidivmod                         0x00000121   Thumb Code    44  uidiv.o(.text)
    __aeabi_memcpy                           0x0000014d   Thumb Code    36  memcpya.o(.text)
    __aeabi_memcpy4                          0x0000014d   Thumb Code     0  memcpya.o(.text)
    __aeabi_memcpy8                          0x0000014d   Thumb Code     0  memcpya.o(.text)
    strstr                                   0x00000171   Thumb Code    44  strstr.o(.text)
    __aeabi_fdiv                             0x0000019d   Thumb Code   128  fdiv.o(.text)
    __aeabi_ui2f                             0x0000021d   Thumb Code    14  ffltui.o(.text)
    __aeabi_f2iz                             0x0000022b   Thumb Code    52  ffixi.o(.text)
    __I$use$fp                               0x0000025f   Thumb Code     0  iusefp.o(.text)
    _float_round                             0x0000025f   Thumb Code    16  fepilogue.o(.text)
    _float_epilogue                          0x0000026f   Thumb Code   116  fepilogue.o(.text)
    __scatterload                            0x000002e5   Thumb Code    28  init.o(.text)
    __scatterload_rt2                        0x000002e5   Thumb Code     0  init.o(.text)
    __decompress                             0x00000309   Thumb Code     0  __dczerorl2.o(.text)
    __decompress1                            0x00000309   Thumb Code    88  __dczerorl2.o(.text)
    CLK_EnableModuleClock                    0x00000361   Thumb Code    28  clk.o(i.CLK_EnableModuleClock)
    CLK_SetModuleClock                       0x00000479   Thumb Code    88  clk.o(i.CLK_SetModuleClock)
    CLK_WaitClockReady                       0x000004d5   Thumb Code    28  clk.o(i.CLK_WaitClockReady)
    CleanWeight                              0x000004f9   Thumb Code    20  esp8266_wifi.o(i.CleanWeight)
    ConfigHWADCHX711                         0x00000511   Thumb Code    68  esp8266_wifi.o(i.ConfigHWADCHX711)
    DrvSYS_Delay                             0x00000561   Thumb Code    38  main.o(i.DrvSYS_Delay)
    EnterCriticalSection                     0x00000591   Thumb Code     4  port.o(i.EnterCriticalSection)
    ExitCriticalSection                      0x00000595   Thumb Code     4  port.o(i.ExitCriticalSection)
    FMC_Close                                0x00000599   Thumb Code    14  fmc.o(i.FMC_Close)
    FMC_Open                                 0x000005ad   Thumb Code    14  fmc.o(i.FMC_Open)
    GPIO_SetMode                             0x000005e9   Thumb Code    42  gpio.o(i.GPIO_SetMode)
    GetHwAddrIint                            0x00000615   Thumb Code   102  realyctrl.o(i.GetHwAddrIint)
    HWRealyInit                              0x00000685   Thumb Code    86  realyctrl.o(i.HWRealyInit)
    I2C1_IRQHandler                          0x000006e5   Thumb Code    46  blux_v30b.o(i.I2C1_IRQHandler)
    I2C_ClearTimeoutFlag                     0x0000071d   Thumb Code    10  i2c.o(i.I2C_ClearTimeoutFlag)
    KeyPool                                  0x00000729   Thumb Code    62  realyctrl.o(i.KeyPool)
    KeyProc                                  0x00000779   Thumb Code   130  realyctrl.o(i.KeyProc)
    KeyRead                                  0x00000805   Thumb Code   102  realyctrl.o(i.KeyRead)
    ReadADCHX711                             0x00000a0d   Thumb Code    92  esp8266_wifi.o(i.ReadADCHX711)
    RealyCtrl                                0x00000a6d   Thumb Code   314  realyctrl.o(i.RealyCtrl)
    RealyPoll                                0x00000bad   Thumb Code    94  realyctrl.o(i.RealyPoll)
    SYS_Init                                 0x00000c19   Thumb Code    92  main.o(i.SYS_Init)
    SYS_ResetModule                          0x00000c85   Thumb Code    44  sys.o(i.SYS_ResetModule)
    SendData2Sever                           0x00000cb5   Thumb Code   280  esp8266_wifi.o(i.SendData2Sever)
    SysTick_Handler                          0x00000de5   Thumb Code    16  main.o(i.SysTick_Handler)
    SystemCoreClockUpdate                    0x00000df9   Thumb Code    76  system_m051series.o(i.SystemCoreClockUpdate)
    SystemInit                               0x00000e5d   Thumb Code     2  system_m051series.o(i.SystemInit)
    TIMER_GetModuleClock                     0x00000e6d   Thumb Code   110  timer.o(i.TIMER_GetModuleClock)
    TIMER_Open                               0x00000ef1   Thumb Code   116  timer.o(i.TIMER_Open)
    TMR1_IRQHandler                          0x00000f71   Thumb Code    74  porttimer.o(i.TMR1_IRQHandler)
    TMR2_IRQHandler                          0x00000fcd   Thumb Code   108  uart3th.o(i.TMR2_IRQHandler)
    UART0_IRQHandler                         0x00001051   Thumb Code    38  portserial.o(i.UART0_IRQHandler)
    UART1_IRQHandler                         0x0000107d   Thumb Code    58  uart3th.o(i.UART1_IRQHandler)
    UART_Open                                0x000010c5   Thumb Code   132  uart.o(i.UART_Open)
    UART_Write                               0x00001159   Thumb Code    50  uart.o(i.UART_Write)
    Uart3ThInit                              0x0000118b   Thumb Code     8  uart3th.o(i.Uart3ThInit)
    UpdataWeight                             0x00001195   Thumb Code    38  esp8266_wifi.o(i.UpdataWeight)
    WifiConnectNetMode                       0x000011c5   Thumb Code   260  esp8266_wifi.o(i.WifiConnectNetMode)
    WifiInit                                 0x0000136d   Thumb Code    78  esp8266_wifi.o(i.WifiInit)
    WifiMain                                 0x000013dd   Thumb Code   146  esp8266_wifi.o(i.WifiMain)
    WifiReciveEventPoll                      0x0000149d   Thumb Code   428  esp8266_wifi.o(i.WifiReciveEventPoll)
    WifiSentEventPoll                        0x00001715   Thumb Code   334  esp8266_wifi.o(i.WifiSentEventPoll)
    __ARM_common_switch8                     0x000018a5   Thumb Code    26  mb.o(i.__ARM_common_switch8)
    __scatterload_copy                       0x000018bf   Thumb Code    14  handlers.o(i.__scatterload_copy)
    __scatterload_null                       0x000018cd   Thumb Code     2  handlers.o(i.__scatterload_null)
    __scatterload_zeroinit                   0x000018cf   Thumb Code    14  handlers.o(i.__scatterload_zeroinit)
    crc_ccitt                                0x000018dd   Thumb Code    40  mbcrc.o(i.crc_ccitt)
    delayp                                   0x00001909   Thumb Code    12  esp8266_wifi.o(i.delayp)
    eBTFuncReadHoldingRegister               0x00001915   Thumb Code   148  btfunc.o(i.eBTFuncReadHoldingRegister)
    eMBEnable                                0x000019a9   Thumb Code    34  mb.o(i.eMBEnable)
    eMBFuncReadCoils                         0x000019d1   Thumb Code   190  mbfunccoils.o(i.eMBFuncReadCoils)
    eMBFuncReadDiscreteInputs                0x00001a8f   Thumb Code   188  mbfuncdisc.o(i.eMBFuncReadDiscreteInputs)
    eMBFuncReadHoldingRegister               0x00001b4b   Thumb Code   140  mbfuncholding.o(i.eMBFuncReadHoldingRegister)
    eMBFuncReadInputRegister                 0x00001bd7   Thumb Code   140  mbfuncinput.o(i.eMBFuncReadInputRegister)
    eMBFuncReadWriteMultipleHoldingRegister  0x00001c63   Thumb Code   234  mbfuncholding.o(i.eMBFuncReadWriteMultipleHoldingRegister)
    eMBFuncReportSlaveID                     0x00001d4d   Thumb Code    30  mbfuncother.o(i.eMBFuncReportSlaveID)
    eMBFuncWriteCoil                         0x00001d75   Thumb Code   112  mbfunccoils.o(i.eMBFuncWriteCoil)
    eMBFuncWriteHoldingRegister              0x00001de5   Thumb Code    64  mbfuncholding.o(i.eMBFuncWriteHoldingRegister)
    eMBFuncWriteMultipleCoils                0x00001e25   Thumb Code   152  mbfunccoils.o(i.eMBFuncWriteMultipleCoils)
    eMBFuncWriteMultipleHoldingRegister      0x00001ebd   Thumb Code   108  mbfuncholding.o(i.eMBFuncWriteMultipleHoldingRegister)
    eMBInit                                  0x00001f29   Thumb Code   158  mb.o(i.eMBInit)
    eMBPoll                                  0x00001ff5   Thumb Code   522  mb.o(i.eMBPoll)
    eMBRTUInit                               0x00002205   Thumb Code    80  mbrtu.o(i.eMBRTUInit)
    eMBRTUReceive                            0x00002259   Thumb Code    98  mbrtu.o(i.eMBRTUReceive)
    eMBRTUSend                               0x000022c5   Thumb Code   128  mbrtu.o(i.eMBRTUSend)
    eMBRTUStart                              0x0000234d   Thumb Code    30  mbrtu.o(i.eMBRTUStart)
    eMBRTUStop                               0x00002371   Thumb Code    24  mbrtu.o(i.eMBRTUStop)
    eMBRegCoilsCB                            0x00002389   Thumb Code   332  user_mb_app.o(i.eMBRegCoilsCB)
    eMBRegDiscreteCB                         0x000024e5   Thumb Code   318  user_mb_app.o(i.eMBRegDiscreteCB)
    eMBRegHoldingCB                          0x00002635   Thumb Code   176  user_mb_app.o(i.eMBRegHoldingCB)
    eMBRegInputCB                            0x000026f5   Thumb Code   150  user_mb_app.o(i.eMBRegInputCB)
    main                                     0x0000279d   Thumb Code   142  main.o(i.main)
    peBTFrameSendCur                         0x0000283d   Thumb Code   216  mbrtu.o(i.peBTFrameSendCur)
    prveMBError2Exception                    0x0000291d   Thumb Code    36  mbutils.o(i.prveMBError2Exception)
    rt_thread_entry_Weight                   0x00002971   Thumb Code   102  esp8266_wifi.o(i.rt_thread_entry_Weight)
    ucMBMasterGetDestAddress                 0x000029dd   Thumb Code     4  user_mb_app.o(i.ucMBMasterGetDestAddress)
    usMBCRC16                                0x000029e1   Thumb Code    44  mbcrc.o(i.usMBCRC16)
    vMBPortSerialEnable                      0x00002a15   Thumb Code    62  portserial.o(i.vMBPortSerialEnable)
    vMBPortTimersDisable                     0x00002a59   Thumb Code    30  porttimer.o(i.vMBPortTimersDisable)
    vMBPortTimersEnable                      0x00002a85   Thumb Code    34  porttimer.o(i.vMBPortTimersEnable)
    x3THPortSerialGetByte                    0x00002ab5   Thumb Code    12  uart3th.o(i.x3THPortSerialGetByte)
    x3THPortSerialInit                       0x00002ac5   Thumb Code    80  uart3th.o(i.x3THPortSerialInit)
    x3THPortTimersDisable                    0x00002b21   Thumb Code    12  uart3th.o(i.x3THPortTimersDisable)
    x3THPortTimersEnable                     0x00002b35   Thumb Code    14  uart3th.o(i.x3THPortTimersEnable)
    x3THPortTimersInit                       0x00002b4d   Thumb Code    78  uart3th.o(i.x3THPortTimersInit)
    xMBMasterGetCBRunInMasterMode            0x00002ba9   Thumb Code     4  user_mb_app.o(i.xMBMasterGetCBRunInMasterMode)
    xMBPortEventGet                          0x00002bad   Thumb Code    30  portevent.o(i.xMBPortEventGet)
    xMBPortEventInit                         0x00002bd1   Thumb Code    10  portevent.o(i.xMBPortEventInit)
    xMBPortEventPost                         0x00002be1   Thumb Code    16  portevent.o(i.xMBPortEventPost)
    xMBPortSerialGetByte                     0x00002bf5   Thumb Code    12  portserial.o(i.xMBPortSerialGetByte)
    xMBPortSerialInit                        0x00002c05   Thumb Code    88  portserial.o(i.xMBPortSerialInit)
    xMBPortSerialPutByte                     0x00002c6d   Thumb Code    10  portserial.o(i.xMBPortSerialPutByte)
    xMBPortTimersInit                        0x00002c7d   Thumb Code    50  porttimer.o(i.xMBPortTimersInit)
    xMBRTUReceiveFSM                         0x00002cbd   Thumb Code   134  mbrtu.o(i.xMBRTUReceiveFSM)
    xMBRTUTimerT35Expired                    0x00002d4d   Thumb Code    62  mbrtu.o(i.xMBRTUTimerT35Expired)
    xMBRTUTransmitFSM                        0x00002d91   Thumb Code   106  mbrtu.o(i.xMBRTUTransmitFSM)
    xMBUtilGetBits                           0x00002e01   Thumb Code    46  mbutils.o(i.xMBUtilGetBits)
    xMBUtilSetBits                           0x00002e2f   Thumb Code    80  mbutils.o(i.xMBUtilSetBits)
    gau32ClkSrcTbl                           0x000032d0   Data          32  system_m051series.o(.constdata)
    Region$$Table$$Base                      0x000032f0   Number         0  anon$$obj.o(Region$$Table)
    Region$$Table$$Limit                     0x00003310   Number         0  anon$$obj.o(Region$$Table)
    systemtick                               0x20000000   Data           4  main.o(.data)
    SlaveAddr                                0x20000004   Data           1  main.o(.data)
    UID                                      0x20000008   Data           4  main.o(.data)
    Timehandel                               0x20000010   Data           1  porttimer.o(.data)
    timecut                                  0x20000014   Data           4  porttimer.o(.data)
    usSDiscInStart                           0x2000001c   Data           2  user_mb_app.o(.data)
    usSCoilStart                             0x2000001e   Data           2  user_mb_app.o(.data)
    usSRegInStart                            0x20000020   Data           2  user_mb_app.o(.data)
    usSRegHoldStart                          0x20000022   Data           2  user_mb_app.o(.data)
    usMDiscInStart                           0x20000024   Data           2  user_mb_app.o(.data)
    usMCoilStart                             0x20000026   Data           2  user_mb_app.o(.data)
    usMRegInStart                            0x20000028   Data           2  user_mb_app.o(.data)
    usMRegHoldStart                          0x2000002a   Data           2  user_mb_app.o(.data)
    Slave_ucSDiscInBuf                       0x2000002c   Data           4  user_mb_app.o(.data)
    Slave_ucSCoilBuf                         0x20000030   Data           4  user_mb_app.o(.data)
    Slave_usSRegInBuf                        0x20000034   Data           4  user_mb_app.o(.data)
    Slave_usSRegHoldBuf                      0x20000038   Data           4  user_mb_app.o(.data)
    ucSDiscInBuf                             0x2000003c   Data           1  user_mb_app.o(.data)
    ucSCoilBuf                               0x2000003d   Data           1  user_mb_app.o(.data)
    pxMBFrameCBByteReceived                  0x200000f4   Data           4  mb.o(.data)
    pxMBFrameCBTransmitterEmpty              0x200000f8   Data           4  mb.o(.data)
    pxMBPortCBTimerExpired                   0x200000fc   Data           4  mb.o(.data)
    pxMBFrameCBReceiveFSMCur                 0x20000100   Data           4  mb.o(.data)
    pxMBFrameCBTransmitFSMCur                0x20000104   Data           4  mb.o(.data)
    SystemCoreClock                          0x20000108   Data           4  system_m051series.o(.data)
    CyclesPerUs                              0x2000010c   Data           4  system_m051series.o(.data)
    PllClock                                 0x20000110   Data           4  system_m051series.o(.data)
    button_data                              0x20000114   Data           1  realyctrl.o(.data)
    KeyScanTime                              0x20000118   Data           4  realyctrl.o(.data)
    Trg                                      0x2000011c   Data           1  realyctrl.o(.data)
    Cont                                     0x2000011d   Data           1  realyctrl.o(.data)
    UartLen                                  0x20000120   Data           4  uart3th.o(.data)
    RecivEvent                               0x20000124   Data           1  uart3th.o(.data)
    Time2handel                              0x20000125   Data           1  uart3th.o(.data)
    time2cut                                 0x20000128   Data           4  uart3th.o(.data)
    Systick                                  0x2000012c   Data           4  uart3th.o(.data)
    Co2SentTime                              0x20000130   Data           4  uart3th.o(.data)
    g_u8EndFlag                              0x2000013c   Data           1  blux_v30b.o(.data)
    val32                                    0x20000144   Data           4  blux_v30b.o(.data)
    g_u8DeviceAddr                           0x20000148   Data           1  blux_v30b.o(.data)
    g_au8TxData                              0x20000149   Data           3  blux_v30b.o(.data)
    g_u8RxData                               0x2000014c   Data           1  blux_v30b.o(.data)
    g_u8DataLen                              0x2000014d   Data           1  blux_v30b.o(.data)
    BLUX_V3BTime                             0x20000150   Data           4  blux_v30b.o(.data)
    dis_data_0                               0x20000154   Data           4  blux_v30b.o(.data)
    wifi_cmd_state                           0x20000168   Data           1  esp8266_wifi.o(.data)
    wifi_net_state                           0x20000169   Data           1  esp8266_wifi.o(.data)
    wifirep                                  0x2000016a   Data           1  esp8266_wifi.o(.data)
    wifireptimeoput                          0x2000016c   Data           4  esp8266_wifi.o(.data)
    startsend                                0x20000170   Data           1  esp8266_wifi.o(.data)
    smartwifi                                0x20000171   Data           1  esp8266_wifi.o(.data)
    getidtiomeout                            0x20000174   Data           4  esp8266_wifi.o(.data)
    wifiTime                                 0x20000180   Data           4  esp8266_wifi.o(.data)
    wificmdtimeout                           0x20000184   Data           4  esp8266_wifi.o(.data)
    usSRegInBuf                              0x2000018c   Data          16  user_mb_app.o(.bss)
    usSRegHoldBuf                            0x2000019c   Data         256  user_mb_app.o(.bss)
    ucMDiscInBuf                             0x2000029c   Data          16  user_mb_app.o(.bss)
    ucMCoilBuf                               0x200002ac   Data          16  user_mb_app.o(.bss)
    usMRegInBuf                              0x200002bc   Data         256  user_mb_app.o(.bss)
    usMRegHoldBuf                            0x200003bc   Data         256  user_mb_app.o(.bss)
    ucRTUBuf                                 0x200004bc   Data         256  mbrtu.o(.bss)
    old                                      0x200005dc   Data          16  realyctrl.o(.bss)
    new                                      0x200005ec   Data          16  realyctrl.o(.bss)
    UartReciveBuf                            0x200005fc   Data         800  uart3th.o(.bss)
    __initial_sp                             0x20000b20   Data           0  startup_m051series.o(STACK)



==============================================================================

Memory Map of the image

  Image Entry point : 0x000000d5

  Load Region LR_IROM1 (Base: 0x00000000, Size: 0x0000349c, Max: 0x00010000, ABSOLUTE, COMPRESSED[0x00003378])

    Execution Region ER_IROM1 (Base: 0x00000000, Size: 0x00003310, Max: 0x00010000, ABSOLUTE)

    Base Addr    Size         Type   Attr      Idx    E Section Name        Object

    0x00000000   0x000000c0   Data   RO         1937    RESET               startup_m051series.o
    0x000000c0   0x00000000   Code   RO         2515  * .ARM.Collect$$$$00000000  entry.o(mc_p.l)
    0x000000c0   0x00000004   Code   RO         2541    .ARM.Collect$$$$00000001  entry2.o(mc_p.l)
    0x000000c4   0x00000004   Code   RO         2544    .ARM.Collect$$$$00000004  entry5.o(mc_p.l)
    0x000000c8   0x00000008   Code   RO         2545    .ARM.Collect$$$$00000007  entry7.o(mc_p.l)
    0x000000d0   0x00000004   Code   RO         2542    .ARM.Collect$$$$00002712  entry2.o(mc_p.l)
    0x000000d4   0x0000004c   Code   RO         1938  * .text               startup_m051series.o
    0x00000120   0x0000002c   Code   RO         2518    .text               uidiv.o(mc_p.l)
    0x0000014c   0x00000024   Code   RO         2520    .text               memcpya.o(mc_p.l)
    0x00000170   0x0000002c   Code   RO         2522    .text               strstr.o(mc_p.l)
    0x0000019c   0x00000080   Code   RO         2527    .text               fdiv.o(mf_p.l)
    0x0000021c   0x0000000e   Code   RO         2531    .text               ffltui.o(mf_p.l)
    0x0000022a   0x00000034   Code   RO         2533    .text               ffixi.o(mf_p.l)
    0x0000025e   0x00000000   Code   RO         2546    .text               iusefp.o(mc_p.l)
    0x0000025e   0x00000084   Code   RO         2547    .text               fepilogue.o(mf_p.l)
    0x000002e2   0x00000002   PAD
    0x000002e4   0x00000024   Code   RO         2553    .text               init.o(mc_p.l)
    0x00000308   0x00000058   Code   RO         2567    .text               __dczerorl2.o(mc_p.l)
    0x00000360   0x00000020   Code   RO          868    i.CLK_EnableModuleClock  clk.o
    0x00000380   0x0000007c   Code   RO         1780    i.CLK_GetPLLClockFreq  uart.o
    0x000003fc   0x0000007c   Code   RO         1944    i.CLK_GetPLLClockFreq  system_m051series.o
    0x00000478   0x0000005c   Code   RO          879    i.CLK_SetModuleClock  clk.o
    0x000004d4   0x00000024   Code   RO          881    i.CLK_WaitClockReady  clk.o
    0x000004f8   0x00000018   Code   RO         2427    i.CleanWeight       esp8266_wifi.o
    0x00000510   0x00000050   Code   RO         2428    i.ConfigHWADCHX711  esp8266_wifi.o
    0x00000560   0x00000030   Code   RO            3    i.DrvSYS_Delay      main.o
    0x00000590   0x00000004   Code   RO          191    i.EnterCriticalSection  port.o
    0x00000594   0x00000004   Code   RO          192    i.ExitCriticalSection  port.o
    0x00000598   0x00000014   Code   RO         1025    i.FMC_Close         fmc.o
    0x000005ac   0x00000014   Code   RO         1033    i.FMC_Open          fmc.o
    0x000005c0   0x00000028   Code   RO            4    i.FMC_ReadUID       main.o
    0x000005e8   0x0000002a   Code   RO         1127    i.GPIO_SetMode      gpio.o
    0x00000612   0x00000002   PAD
    0x00000614   0x00000070   Code   RO         1982    i.GetHwAddrIint     realyctrl.o
    0x00000684   0x00000060   Code   RO         1983    i.HWRealyInit       realyctrl.o
    0x000006e4   0x00000038   Code   RO         2253    i.I2C1_IRQHandler   blux_v30b.o
    0x0000071c   0x0000000a   Code   RO         1157    i.I2C_ClearTimeoutFlag  i2c.o
    0x00000726   0x00000002   PAD
    0x00000728   0x00000050   Code   RO         1984    i.KeyPool           realyctrl.o
    0x00000778   0x0000008c   Code   RO         1985    i.KeyProc           realyctrl.o
    0x00000804   0x00000078   Code   RO         1986    i.KeyRead           realyctrl.o
    0x0000087c   0x00000014   Code   RO          331    i.NVIC_EnableIRQ    porttimer.o
    0x00000890   0x00000014   Code   RO         2052    i.NVIC_EnableIRQ    uart3th.o
    0x000008a4   0x00000078   Code   RO          247    i.NVIC_SetPriority  portserial.o
    0x0000091c   0x00000078   Code   RO          332    i.NVIC_SetPriority  porttimer.o
    0x00000994   0x00000078   Code   RO         2053    i.NVIC_SetPriority  uart3th.o
    0x00000a0c   0x00000060   Code   RO         2429    i.ReadADCHX711      esp8266_wifi.o
    0x00000a6c   0x00000140   Code   RO         1987    i.RealyCtrl         realyctrl.o
    0x00000bac   0x0000006c   Code   RO         1988    i.RealyPoll         realyctrl.o
    0x00000c18   0x0000006c   Code   RO            7    i.SYS_Init          main.o
    0x00000c84   0x00000030   Code   RO         1652    i.SYS_ResetModule   sys.o
    0x00000cb4   0x00000130   Code   RO         2430    i.SendData2Sever    esp8266_wifi.o
    0x00000de4   0x00000014   Code   RO            8    i.SysTick_Handler   main.o
    0x00000df8   0x00000064   Code   RO         1945    i.SystemCoreClockUpdate  system_m051series.o
    0x00000e5c   0x00000002   Code   RO         1946    i.SystemInit        system_m051series.o
    0x00000e5e   0x0000000c   Code   RO          333    i.TIMER_EnableInt   porttimer.o
    0x00000e6a   0x00000002   PAD
    0x00000e6c   0x00000084   Code   RO         1723    i.TIMER_GetModuleClock  timer.o
    0x00000ef0   0x00000074   Code   RO         1724    i.TIMER_Open        timer.o
    0x00000f64   0x0000000c   Code   RO          334    i.TIMER_Start       porttimer.o
    0x00000f70   0x0000005c   Code   RO          335    i.TMR1_IRQHandler   porttimer.o
    0x00000fcc   0x00000084   Code   RO         2054    i.TMR2_IRQHandler   uart3th.o
    0x00001050   0x0000002c   Code   RO          248    i.UART0_IRQHandler  portserial.o
    0x0000107c   0x00000048   Code   RO         2055    i.UART1_IRQHandler  uart3th.o
    0x000010c4   0x00000094   Code   RO         1789    i.UART_Open         uart.o
    0x00001158   0x00000032   Code   RO         1796    i.UART_Write        uart.o
    0x0000118a   0x00000008   Code   RO         2056    i.Uart3ThInit       uart3th.o
    0x00001192   0x00000002   PAD
    0x00001194   0x00000030   Code   RO         2431    i.UpdataWeight      esp8266_wifi.o
    0x000011c4   0x000001a8   Code   RO         2432    i.WifiConnectNetMode  esp8266_wifi.o
    0x0000136c   0x00000070   Code   RO         2433    i.WifiInit          esp8266_wifi.o
    0x000013dc   0x000000c0   Code   RO         2434    i.WifiMain          esp8266_wifi.o
    0x0000149c   0x00000278   Code   RO         2435    i.WifiReciveEventPoll  esp8266_wifi.o
    0x00001714   0x00000190   Code   RO         2436    i.WifiSentEventPoll  esp8266_wifi.o
    0x000018a4   0x0000001a   Code   RO          773    i.__ARM_common_switch8  mb.o
    0x000018be   0x0000000e   Code   RO         2561    i.__scatterload_copy  handlers.o(mc_p.l)
    0x000018cc   0x00000002   Code   RO         2562    i.__scatterload_null  handlers.o(mc_p.l)
    0x000018ce   0x0000000e   Code   RO         2563    i.__scatterload_zeroinit  handlers.o(mc_p.l)
    0x000018dc   0x0000002c   Code   RO          447    i.crc_ccitt         mbcrc.o
    0x00001908   0x0000000c   Code   RO         2437    i.delayp            esp8266_wifi.o
    0x00001914   0x00000094   Code   RO          559    i.eBTFuncReadHoldingRegister  btfunc.o
    0x000019a8   0x00000028   Code   RO          733    i.eMBEnable         mb.o
    0x000019d0   0x000000be   Code   RO          580    i.eMBFuncReadCoils  mbfunccoils.o
    0x00001a8e   0x000000bc   Code   RO          607    i.eMBFuncReadDiscreteInputs  mbfuncdisc.o
    0x00001b4a   0x0000008c   Code   RO          619    i.eMBFuncReadHoldingRegister  mbfuncholding.o
    0x00001bd6   0x0000008c   Code   RO          649    i.eMBFuncReadInputRegister  mbfuncinput.o
    0x00001c62   0x000000ea   Code   RO          620    i.eMBFuncReadWriteMultipleHoldingRegister  mbfuncholding.o
    0x00001d4c   0x00000028   Code   RO          663    i.eMBFuncReportSlaveID  mbfuncother.o
    0x00001d74   0x00000070   Code   RO          581    i.eMBFuncWriteCoil  mbfunccoils.o
    0x00001de4   0x00000040   Code   RO          621    i.eMBFuncWriteHoldingRegister  mbfuncholding.o
    0x00001e24   0x00000098   Code   RO          582    i.eMBFuncWriteMultipleCoils  mbfunccoils.o
    0x00001ebc   0x0000006c   Code   RO          622    i.eMBFuncWriteMultipleHoldingRegister  mbfuncholding.o
    0x00001f28   0x000000cc   Code   RO          734    i.eMBInit           mb.o
    0x00001ff4   0x00000210   Code   RO          735    i.eMBPoll           mb.o
    0x00002204   0x00000054   Code   RO          469    i.eMBRTUInit        mbrtu.o
    0x00002258   0x0000006c   Code   RO          470    i.eMBRTUReceive     mbrtu.o
    0x000022c4   0x00000088   Code   RO          471    i.eMBRTUSend        mbrtu.o
    0x0000234c   0x00000024   Code   RO          472    i.eMBRTUStart       mbrtu.o
    0x00002370   0x00000018   Code   RO          473    i.eMBRTUStop        mbrtu.o
    0x00002388   0x0000015c   Code   RO          398    i.eMBRegCoilsCB     user_mb_app.o
    0x000024e4   0x00000150   Code   RO          399    i.eMBRegDiscreteCB  user_mb_app.o
    0x00002634   0x000000c0   Code   RO          400    i.eMBRegHoldingCB   user_mb_app.o
    0x000026f4   0x000000a8   Code   RO          401    i.eMBRegInputCB     user_mb_app.o
    0x0000279c   0x000000a0   Code   RO           10    i.main              main.o
    0x0000283c   0x000000e0   Code   RO          474    i.peBTFrameSendCur  mbrtu.o
    0x0000291c   0x00000024   Code   RO          692    i.prveMBError2Exception  mbutils.o
    0x00002940   0x00000010   Code   RO          336    i.prvvTIMERExpiredISR  porttimer.o
    0x00002950   0x00000010   Code   RO          249    i.prvvUARTRxISR     portserial.o
    0x00002960   0x00000010   Code   RO          250    i.prvvUARTTxReadyISR  portserial.o
    0x00002970   0x0000006c   Code   RO         2438    i.rt_thread_entry_Weight  esp8266_wifi.o
    0x000029dc   0x00000004   Code   RO          402    i.ucMBMasterGetDestAddress  user_mb_app.o
    0x000029e0   0x00000034   Code   RO          448    i.usMBCRC16         mbcrc.o
    0x00002a14   0x00000044   Code   RO          252    i.vMBPortSerialEnable  portserial.o
    0x00002a58   0x0000002c   Code   RO          337    i.vMBPortTimersDisable  porttimer.o
    0x00002a84   0x00000030   Code   RO          338    i.vMBPortTimersEnable  porttimer.o
    0x00002ab4   0x00000010   Code   RO         2057    i.x3THPortSerialGetByte  uart3th.o
    0x00002ac4   0x0000005c   Code   RO         2058    i.x3THPortSerialInit  uart3th.o
    0x00002b20   0x00000014   Code   RO         2060    i.x3THPortTimersDisable  uart3th.o
    0x00002b34   0x00000018   Code   RO         2061    i.x3THPortTimersEnable  uart3th.o
    0x00002b4c   0x0000005c   Code   RO         2062    i.x3THPortTimersInit  uart3th.o
    0x00002ba8   0x00000004   Code   RO          403    i.xMBMasterGetCBRunInMasterMode  user_mb_app.o
    0x00002bac   0x00000024   Code   RO          212    i.xMBPortEventGet   portevent.o
    0x00002bd0   0x00000010   Code   RO          213    i.xMBPortEventInit  portevent.o
    0x00002be0   0x00000014   Code   RO          214    i.xMBPortEventPost  portevent.o
    0x00002bf4   0x00000010   Code   RO          253    i.xMBPortSerialGetByte  portserial.o
    0x00002c04   0x00000068   Code   RO          254    i.xMBPortSerialInit  portserial.o
    0x00002c6c   0x00000010   Code   RO          255    i.xMBPortSerialPutByte  portserial.o
    0x00002c7c   0x00000040   Code   RO          339    i.xMBPortTimersInit  porttimer.o
    0x00002cbc   0x00000090   Code   RO          475    i.xMBRTUReceiveFSM  mbrtu.o
    0x00002d4c   0x00000044   Code   RO          476    i.xMBRTUTimerT35Expired  mbrtu.o
    0x00002d90   0x00000070   Code   RO          477    i.xMBRTUTransmitFSM  mbrtu.o
    0x00002e00   0x0000002e   Code   RO          693    i.xMBUtilGetBits    mbutils.o
    0x00002e2e   0x00000050   Code   RO          694    i.xMBUtilSetBits    mbutils.o
    0x00002e7e   0x00000400   Data   RO          449    .constdata          mbcrc.o
    0x0000327e   0x00000002   PAD
    0x00003280   0x00000020   Data   RO         1725    .constdata          timer.o
    0x000032a0   0x00000030   Data   RO         1797    .constdata          uart.o
    0x000032d0   0x00000020   Data   RO         1947    .constdata          system_m051series.o
    0x000032f0   0x00000020   Data   RO         2559    Region$$Table       anon$$obj.o


    Execution Region RW_IRAM1 (Base: 0x20000000, Size: 0x00000b20, Max: 0x00001000, ABSOLUTE, COMPRESSED[0x00000068])

    Base Addr    Size         Type   Attr      Idx    E Section Name        Object

    0x20000000   0x0000000c   Data   RW           11    .data               main.o
    0x2000000c   0x00000002   Data   RW          215    .data               portevent.o
    0x2000000e   0x00000002   PAD
    0x20000010   0x0000000a   Data   RW          340    .data               porttimer.o
    0x2000001a   0x00000002   PAD
    0x2000001c   0x00000022   Data   RW          405    .data               user_mb_app.o
    0x2000003e   0x00000002   PAD
    0x20000040   0x0000000c   Data   RW          479    .data               mbrtu.o
    0x2000004c   0x00000002   Data   RW          666    .data               mbfuncother.o
    0x2000004e   0x00000002   PAD
    0x20000050   0x000000b8   Data   RW          737    .data               mb.o
    0x20000108   0x0000000c   Data   RW         1948    .data               system_m051series.o
    0x20000114   0x0000000a   Data   RW         1990    .data               realyctrl.o
    0x2000011e   0x00000002   PAD
    0x20000120   0x0000001a   Data   RW         2064    .data               uart3th.o
    0x2000013a   0x00000002   PAD
    0x2000013c   0x0000001c   Data   RW         2258    .data               blux_v30b.o
    0x20000158   0x00000034   Data   RW         2439    .data               esp8266_wifi.o
    0x2000018c   0x00000330   Zero   RW          404    .bss                user_mb_app.o
    0x200004bc   0x00000100   Zero   RW          478    .bss                mbrtu.o
    0x200005bc   0x00000020   Zero   RW          665    .bss                mbfuncother.o
    0x200005dc   0x00000020   Zero   RW         1989    .bss                realyctrl.o
    0x200005fc   0x00000320   Zero   RW         2063    .bss                uart3th.o
    0x2000091c   0x00000004   PAD
    0x20000920   0x00000200   Zero   RW         1935    STACK               startup_m051series.o


==============================================================================

Image component sizes


      Code (inc. data)   RO Data    RW Data    ZI Data      Debug   Object Name

        56         10          0         28          0       1670   blux_v30b.o
       148          0          0          0          0       1457   btfunc.o
       160         16          0          0          0       7806   clk.o
      2432        574          0         52          0       7301   esp8266_wifi.o
        40         12          0          0          0        787   fmc.o
        42          0          0          0          0        895   gpio.o
        10          0          0          0          0        763   i2c.o
       376         52          0         12          0      72624   main.o
       798         66          0        184          0       4619   mb.o
        96         12       1024          0          0       1776   mbcrc.o
       454          0          0          0          0       3762   mbfunccoils.o
       188          0          0          0          0       1612   mbfuncdisc.o
       546          0          0          0          0       4943   mbfuncholding.o
       140          0          0          0          0       1527   mbfuncinput.o
        40         10          0          2         32       1407   mbfuncother.o
       936         58          0         12        256       6878   mbrtu.o
       162          0          0          0          0       2590   mbutils.o
         8          0          0          0          0       1665   port.o
        72         16          0          2          0       4470   portevent.o
       400         60          0          0          0      60703   portserial.o
       428         82          0         10          0       7040   porttimer.o
       976        112          0         10         32       4673   realyctrl.o
        76         32        192          0        512        504   startup_m051series.o
        48          4          0          0          0        458   sys.o
       226         42         32         12          0       2435   system_m051series.o
       248         22         32          0          0       1772   timer.o
       322         34         48          0          0       2421   uart.o
       596        102          0         26        800      14240   uart3th.o
      1052         68          0         34        816       7336   user_mb_app.o

    ----------------------------------------------------------------------
     11084       1384       1362        396       2452     230134   Object Totals
         0          0         32          0          0          0   (incl. Generated)
         8          0          2         12          4          2   (incl. Padding)

    ----------------------------------------------------------------------

      Code (inc. data)   RO Data    RW Data    ZI Data      Debug   Library Member Name

        88          0          0          0          0          0   __dczerorl2.o
         0          0          0          0          0          0   entry.o
         8          4          0          0          0          0   entry2.o
         4          0          0          0          0          0   entry5.o
         8          4          0          0          0          0   entry7.o
       128          0          0          0          0         72   fdiv.o
       132          0          0          0          0        140   fepilogue.o
        52          0          0          0          0         60   ffixi.o
        14          0          0          0          0         68   ffltui.o
        30          0          0          0          0          0   handlers.o
        36          8          0          0          0         68   init.o
         0          0          0          0          0          0   iusefp.o
        36          0          0          0          0         60   memcpya.o
        44          0          0          0          0         68   strstr.o
        44          0          0          0          0         68   uidiv.o

    ----------------------------------------------------------------------
       626         16          0          0          0        604   Library Totals
         2          0          0          0          0          0   (incl. Padding)

    ----------------------------------------------------------------------

      Code (inc. data)   RO Data    RW Data    ZI Data      Debug   Library Name

       298         16          0          0          0        264   mc_p.l
       326          0          0          0          0        340   mf_p.l

    ----------------------------------------------------------------------
       626         16          0          0          0        604   Library Totals

    ----------------------------------------------------------------------

==============================================================================


      Code (inc. data)   RO Data    RW Data    ZI Data      Debug   

     11710       1400       1362        396       2452     226112   Grand Totals
     11710       1400       1362        104       2452     226112   ELF Image Totals (compressed)
     11710       1400       1362        104          0          0   ROM Totals

==============================================================================

    Total RO  Size (Code + RO Data)                13072 (  12.77kB)
    Total RW  Size (RW Data + ZI Data)              2848 (   2.78kB)
    Total ROM Size (Code + RO Data + RW Data)      13176 (  12.87kB)

==============================================================================

